Archive member included because of file (symbol)

D:\EE2028workspace1\Lib_CMSISv1p30_LPC17xx\Debug\libCMSISv1p30_LPC17xx.a(system_LPC17xx.o)
                              ./src/main.o (SystemCoreClock)
D:\EE2028workspace1\Lib_EaBaseBoard\Debug\libLib_EaBaseBoard.a(acc.o)
                              ./src/main.o (acc_init)
D:\EE2028workspace1\Lib_EaBaseBoard\Debug\libLib_EaBaseBoard.a(led7seg.o)
                              ./src/main.o (led7seg_init)
D:\EE2028workspace1\Lib_EaBaseBoard\Debug\libLib_EaBaseBoard.a(light.o)
                              ./src/main.o (light_enable)
D:\EE2028workspace1\Lib_EaBaseBoard\Debug\libLib_EaBaseBoard.a(oled.o)
                              ./src/main.o (oled_init)
D:\EE2028workspace1\Lib_EaBaseBoard\Debug\libLib_EaBaseBoard.a(pca9532.o)
                              ./src/main.o (pca9532_init)
D:\EE2028workspace1\Lib_EaBaseBoard\Debug\libLib_EaBaseBoard.a(temp.o)
                              ./src/main.o (temp_init)
D:\EE2028workspace1\Lib_EaBaseBoard\Debug\libLib_EaBaseBoard.a(font5x7.o)
                              D:\EE2028workspace1\Lib_EaBaseBoard\Debug\libLib_EaBaseBoard.a(oled.o) (font5x7)
D:\EE2028workspace1\Lib_MCU\Debug\libLib_MCU.a(lpc17xx_gpio.o)
                              ./src/main.o (GPIO_SetDir)
D:\EE2028workspace1\Lib_MCU\Debug\libLib_MCU.a(lpc17xx_i2c.o)
                              ./src/main.o (I2C_Init)
D:\EE2028workspace1\Lib_MCU\Debug\libLib_MCU.a(lpc17xx_libcfg_default.o)
                              D:\EE2028workspace1\Lib_MCU\Debug\libLib_MCU.a(lpc17xx_i2c.o) (check_failed)
D:\EE2028workspace1\Lib_MCU\Debug\libLib_MCU.a(lpc17xx_pinsel.o)
                              ./src/main.o (PINSEL_ConfigPin)
D:\EE2028workspace1\Lib_MCU\Debug\libLib_MCU.a(lpc17xx_ssp.o)
                              ./src/main.o (SSP_Init)
D:\EE2028workspace1\Lib_MCU\Debug\libLib_MCU.a(lpc17xx_uart.o)
                              ./src/main.o (UART_TxCmd)
D:\EE2028workspace1\Lib_MCU\Debug\libLib_MCU.a(lpc17xx_clkpwr.o)
                              D:\EE2028workspace1\Lib_MCU\Debug\libLib_MCU.a(lpc17xx_i2c.o) (CLKPWR_SetPCLKDiv)
c:/nxp/lpcxpresso_6.1.4_194/lpcxpresso/tools/bin/../lib/gcc/arm-none-eabi/4.6.2/armv7-m\libgcc.a(_arm_addsubdf3.o)
                              ./src/main.o (__aeabi_i2d)
c:/nxp/lpcxpresso_6.1.4_194/lpcxpresso/tools/bin/../lib/gcc/arm-none-eabi/4.6.2/armv7-m\libgcc.a(_arm_muldivdf3.o)
                              ./src/main.o (__aeabi_ddiv)
c:/nxp/lpcxpresso_6.1.4_194/lpcxpresso/tools/bin/../lib/gcc/arm-none-eabi/4.6.2/armv7-m\libgcc.a(_arm_fixdfsi.o)
                              ./src/main.o (__aeabi_d2iz)
c:/nxp/lpcxpresso_6.1.4_194/lpcxpresso/tools/bin/../lib/gcc/arm-none-eabi/4.6.2/armv7-m\libgcc.a(_arm_truncdfsf2.o)
                              ./src/main.o (__aeabi_d2f)
c:/nxp/lpcxpresso_6.1.4_194/lpcxpresso/tools/bin/../lib/gcc/arm-none-eabi/4.6.2/armv7-m\libgcc.a(_arm_addsubsf3.o)
                              ./src/main.o (__aeabi_fsub)
c:/nxp/lpcxpresso_6.1.4_194/lpcxpresso/tools/bin/../lib/gcc/arm-none-eabi/4.6.2/armv7-m\libgcc.a(_arm_muldivsf3.o)
                              ./src/main.o (__aeabi_fmul)
c:/nxp/lpcxpresso_6.1.4_194/lpcxpresso/tools/bin/../lib/gcc/arm-none-eabi/4.6.2/armv7-m\libgcc.a(_arm_cmpsf2.o)
                              ./src/main.o (__aeabi_fcmplt)
c:/nxp/lpcxpresso_6.1.4_194/lpcxpresso/tools/bin/../lib/gcc/arm-none-eabi/4.6.2/armv7-m\libgcc.a(_aeabi_uldivmod.o)
                              D:\EE2028workspace1\Lib_CMSISv1p30_LPC17xx\Debug\libCMSISv1p30_LPC17xx.a(system_LPC17xx.o) (__aeabi_uldivmod)
c:/nxp/lpcxpresso_6.1.4_194/lpcxpresso/tools/bin/../lib/gcc/arm-none-eabi/4.6.2/armv7-m\libgcc.a(bpabi.o)
                              c:/nxp/lpcxpresso_6.1.4_194/lpcxpresso/tools/bin/../lib/gcc/arm-none-eabi/4.6.2/armv7-m\libgcc.a(_aeabi_uldivmod.o) (__gnu_uldivmod_helper)
c:/nxp/lpcxpresso_6.1.4_194/lpcxpresso/tools/bin/../lib/gcc/arm-none-eabi/4.6.2/armv7-m\libgcc.a(_dvmd_tls.o)
                              c:/nxp/lpcxpresso_6.1.4_194/lpcxpresso/tools/bin/../lib/gcc/arm-none-eabi/4.6.2/armv7-m\libgcc.a(_aeabi_uldivmod.o) (__aeabi_ldiv0)
c:/nxp/lpcxpresso_6.1.4_194/lpcxpresso/tools/bin/../lib/gcc/arm-none-eabi/4.6.2/armv7-m\libgcc.a(_divdi3.o)
                              c:/nxp/lpcxpresso_6.1.4_194/lpcxpresso/tools/bin/../lib/gcc/arm-none-eabi/4.6.2/armv7-m\libgcc.a(bpabi.o) (__divdi3)
c:/nxp/lpcxpresso_6.1.4_194/lpcxpresso/tools/bin/../lib/gcc/arm-none-eabi/4.6.2/armv7-m\libgcc.a(_udivdi3.o)
                              c:/nxp/lpcxpresso_6.1.4_194/lpcxpresso/tools/bin/../lib/gcc/arm-none-eabi/4.6.2/armv7-m\libgcc.a(bpabi.o) (__udivdi3)
c:/nxp/lpcxpresso_6.1.4_194/lpcxpresso/tools/bin/../lib/gcc/arm-none-eabi/4.6.2/../../../../arm-none-eabi/lib/armv7-m\libc.a(lib_a-memset.o)
                              ./src/main.o (memset)
[...]
Memory Configuration

Name             Origin             Length             Attributes
MFlash512        0x00000000         0x00080000         xr
RamLoc32         0x10000000         0x00008000         xrw
RamAHB32         0x2007c000         0x00008000         xrw
*default*        0x00000000         0xffffffff

Linker script and memory map

LOAD ./src/cr_startup_lpc17.o
LOAD ./src/main.o
LOAD D:\EE2028workspace1\Lib_CMSISv1p30_LPC17xx\Debug\libCMSISv1p30_LPC17xx.a
LOAD D:\EE2028workspace1\Lib_EaBaseBoard\Debug\libLib_EaBaseBoard.a
LOAD D:\EE2028workspace1\Lib_MCU\Debug\libLib_MCU.a
START GROUP
LOAD c:/nxp/lpcxpresso_6.1.4_194/lpcxpresso/tools/bin/../lib/gcc/arm-none-eabi/4.6.2/armv7-m\libgcc.a
LOAD c:/nxp/lpcxpresso_6.1.4_194/lpcxpresso/tools/bin/../lib/gcc/arm-none-eabi/4.6.2/../../../../arm-none-eabi/lib/armv7-m\libc.a
LOAD c:/nxp/lpcxpresso_6.1.4_194/lpcxpresso/tools/bin/../lib/gcc/arm-none-eabi/4.6.2/../../../../arm-none-eabi/lib/armv7-m\libm.a
LOAD c:/nxp/lpcxpresso_6.1.4_194/lpcxpresso/tools/bin/../lib/gcc/arm-none-eabi/4.6.2/../../../../arm-none-eabi/lib/armv7-m\libcr_newlib_semihost.a
END GROUP
                0x00080000                __top_MFlash512 = 0x80000
                0x10008000                __top_RamLoc32 = 0x10008000
                0x20084000                __top_RamAHB32 = 0x20084000

.text           0x00000000     0xad7c
 FILL mask 0xff
                0x00000000                __vectors_start__ = ABSOLUTE (.)
 *(.isr_vector)
 .isr_vector    0x00000000       0xcc ./src/cr_startup_lpc17.o
                0x00000000                g_pfnVectors
                0x000000cc                . = ALIGN (0x4)
                0x000000cc                __section_table_start = .
                0x000000cc                __data_section_table = .
                0x000000cc        0x4 LONG 0xad84 LOADADDR (.data)
                0x000000d0        0x4 LONG 0x10000000 ADDR (.data)
                0x000000d4        0x4 LONG 0x908 SIZEOF (.data)
                0x000000d8        0x4 LONG 0xad84 LOADADDR (.data_RAM2)
                0x000000dc        0x4 LONG 0x2007c000 ADDR (.data_RAM2)
                0x000000e0        0x4 LONG 0x0 SIZEOF (.data_RAM2)
                0x000000e4                __data_section_table_end = .
                0x000000e4                __bss_section_table = .
                0x000000e4        0x4 LONG 0x10000908 ADDR (.bss)
                0x000000e8        0x4 LONG 0x494 SIZEOF (.bss)
                0x000000ec        0x4 LONG 0x2007c000 ADDR (.bss_RAM2)
                0x000000f0        0x4 LONG 0x0 SIZEOF (.bss_RAM2)
                0x000000f4                __bss_section_table_end = .
                0x000000f4                __section_table_end = .
 *(.after_vectors*)
 *(.text*)
 .text.ResetISR
                0x000000f4       0x68 ./src/cr_startup_lpc17.o
                0x000000f4                ResetISR
 .text.NMI_Handler
                0x0000015c        0x8 ./src/cr_startup_lpc17.o
                0x0000015c                NMI_Handler
 .text.HardFault_Handler
                0x00000164        0x8 ./src/cr_startup_lpc17.o
                0x00000164                HardFault_Handler
 .text.MemManage_Handler
                0x0000016c        0x8 ./src/cr_startup_lpc17.o
                0x0000016c                MemManage_Handler
 .text.BusFault_Handler
                0x00000174        0x8 ./src/cr_startup_lpc17.o
                0x00000174                BusFault_Handler
 .text.UsageFault_Handler
                0x0000017c        0x8 ./src/cr_startup_lpc17.o
                0x0000017c                UsageFault_Handler
 .text.SVCall_Handler
                0x00000184        0x8 ./src/cr_startup_lpc17.o
                0x00000184                SVCall_Handler
 .text.DebugMon_Handler
                0x0000018c        0x8 ./src/cr_startup_lpc17.o
                0x0000018c                DebugMon_Handler
 .text.PendSV_Handler
                0x00000194        0x8 ./src/cr_startup_lpc17.o
                0x00000194                PendSV_Handler
 .text.IntDefaultHandler
                0x0000019c        0x8 ./src/cr_startup_lpc17.o
                0x0000019c                TIMER2_IRQHandler
                0x0000019c                RIT_IRQHandler
                0x0000019c                I2C0_IRQHandler
                0x0000019c                USBActivity_IRQHandler
                0x0000019c                PWM1_IRQHandler
                0x0000019c                I2C1_IRQHandler
                0x0000019c                EINT2_IRQHandler
                0x0000019c                UART1_IRQHandler
                0x0000019c                CANActivity_IRQHandler
                0x0000019c                TIMER3_IRQHandler
                0x0000019c                UART0_IRQHandler
                0x0000019c                IntDefaultHandler
                0x0000019c                PLL0_IRQHandler
                0x0000019c                CAN_IRQHandler
                0x0000019c                PLL1_IRQHandler
                0x0000019c                SSP0_IRQHandler
                0x0000019c                I2S_IRQHandler
                0x0000019c                I2C2_IRQHandler
                0x0000019c                RTC_IRQHandler
                0x0000019c                SPI_IRQHandler
                0x0000019c                EINT1_IRQHandler
                0x0000019c                TIMER1_IRQHandler
                0x0000019c                UART2_IRQHandler
                0x0000019c                ADC_IRQHandler
                0x0000019c                SSP1_IRQHandler
                0x0000019c                USB_IRQHandler
                0x0000019c                BOD_IRQHandler
                0x0000019c                WDT_IRQHandler
                0x0000019c                QEI_IRQHandler
                0x0000019c                EINT0_IRQHandler
                0x0000019c                DMA_IRQHandler
                0x0000019c                MCPWM_IRQHandler
                0x0000019c                ENET_IRQHandler
 .text.NVIC_SetPriorityGrouping
                0x000001a4       0x50 ./src/main.o
 .text.NVIC_EnableIRQ
                0x000001f4       0x38 ./src/main.o
 .text.NVIC_DisableIRQ
                0x0000022c       0x3c ./src/main.o
 .text.NVIC_ClearPendingIRQ
                0x00000268       0x3c ./src/main.o
 .text.NVIC_SetPriority
                0x000002a4       0x5c ./src/main.o
 .text.SysTick_Config
                0x00000300       0x64 ./src/main.o
 .text.SysTick_Handler
                0x00000364       0x24 ./src/main.o
                0x00000364                SysTick_Handler
 .text.getTicks
                0x00000388       0x18 ./src/main.o
 .text.drawOled
                0x000003a0       0x74 ./src/main.o
 .text.init_i2c
                0x00000414       0x68 ./src/main.o
 .text.init_GPIO
                0x0000047c      0x134 ./src/main.o
 .text.init_ssp
                0x000005b0       0x98 ./src/main.o
 .text.uart_init
                0x00000648       0x78 ./src/main.o
 .text.getPrescalarForTimer
                0x000006c0       0xbc ./src/main.o
                0x000006c0                getPrescalarForTimer
 .text.init_timer0Interrupt
                0x0000077c       0x54 ./src/main.o
                0x0000077c                init_timer0Interrupt
 .text.init_peripherals
                0x000007d0       0x7c ./src/main.o
 .text.initialisation
                0x0000084c       0x78 ./src/main.o
 .text.initialisation_complete
                0x000008c4       0x28 ./src/main.o
 .text.initialisation_climb
                0x000008ec       0x64 ./src/main.o
 .text.initialisation_emergency
                0x00000950      0x134 ./src/main.o
 .text.climb_oled
                0x00000a84       0xf0 ./src/main.o
 .text.emergency_oled
                0x00000b74       0x64 ./src/main.o
 .text.switch_mode
                0x00000bd8       0x18 ./src/main.o
 .text.blink_blue
                0x00000bf0       0x38 ./src/main.o
 .text.alternate_led
                0x00000c28       0x48 ./src/main.o
 .text.light_monitor
                0x00000c70      0x138 ./src/main.o
 .text.temp_monitor
                0x00000da8       0xa8 ./src/main.o
 .text.acc_monitor
                0x00000e50      0x244 ./src/main.o
 .text.EINT3_IRQHandler
                0x00001094       0xe4 ./src/main.o
                0x00001094                EINT3_IRQHandler
 .text.UART3_IRQHandler
                0x00001178      0x1ac ./src/main.o
                0x00001178                UART3_IRQHandler
 .text.TIMER0_IRQHandler
                0x00001324       0x3c ./src/main.o
                0x00001324                TIMER0_IRQHandler
 .text.main     0x00001360      0x62c ./src/main.o
                0x00001360                main
 .text.SystemInit
                0x0000198c      0x22c D:\EE2028workspace1\Lib_CMSISv1p30_LPC17xx\Debug\libCMSISv1p30_LPC17xx.a(system_LPC17xx.o)
                0x0000198c                SystemInit
 .text.I2CRead  0x00001bb8       0x5c D:\EE2028workspace1\Lib_EaBaseBoard\Debug\libLib_EaBaseBoard.a(acc.o)
 .text.I2CWrite
                0x00001c14       0x5c D:\EE2028workspace1\Lib_EaBaseBoard\Debug\libLib_EaBaseBoard.a(acc.o)
 .text.getStatus
                0x00001c70       0x3c D:\EE2028workspace1\Lib_EaBaseBoard\Debug\libLib_EaBaseBoard.a(acc.o)
 .text.setModeControl
                0x00001cac       0x30 D:\EE2028workspace1\Lib_EaBaseBoard\Debug\libLib_EaBaseBoard.a(acc.o)
 .text.acc_init
                0x00001cdc       0x10 D:\EE2028workspace1\Lib_EaBaseBoard\Debug\libLib_EaBaseBoard.a(acc.o)
                0x00001cdc                acc_init
 .text.acc_read
                0x00001cec       0xbc D:\EE2028workspace1\Lib_EaBaseBoard\Debug\libLib_EaBaseBoard.a(acc.o)
                0x00001cec                acc_read
 .text.led7seg_init
                0x00001da8       0x24 D:\EE2028workspace1\Lib_EaBaseBoard\Debug\libLib_EaBaseBoard.a(led7seg.o)
                0x00001da8                led7seg_init
 .text.led7seg_setChar
                0x00001dcc       0x88 D:\EE2028workspace1\Lib_EaBaseBoard\Debug\libLib_EaBaseBoard.a(led7seg.o)
                0x00001dcc                led7seg_setChar
 .text.I2CRead  0x00001e54       0x5c D:\EE2028workspace1\Lib_EaBaseBoard\Debug\libLib_EaBaseBoard.a(light.o)
 .text.I2CWrite
                0x00001eb0       0x5c D:\EE2028workspace1\Lib_EaBaseBoard\Debug\libLib_EaBaseBoard.a(light.o)
 .text.readControlReg
                0x00001f0c       0x3c D:\EE2028workspace1\Lib_EaBaseBoard\Debug\libLib_EaBaseBoard.a(light.o)
 .text.light_enable
                0x00001f48       0x48 D:\EE2028workspace1\Lib_EaBaseBoard\Debug\libLib_EaBaseBoard.a(light.o)
                0x00001f48                light_enable
 .text.light_read
                0x00001f90       0x90 D:\EE2028workspace1\Lib_EaBaseBoard\Debug\libLib_EaBaseBoard.a(light.o)
                0x00001f90                light_read
 .text.light_setRange
                0x00002020       0xac D:\EE2028workspace1\Lib_EaBaseBoard\Debug\libLib_EaBaseBoard.a(light.o)
                0x00002020                light_setRange
 .text.writeCommand
                0x000020cc       0x60 D:\EE2028workspace1\Lib_EaBaseBoard\Debug\libLib_EaBaseBoard.a(oled.o)
 .text.writeData
                0x0000212c       0x60 D:\EE2028workspace1\Lib_EaBaseBoard\Debug\libLib_EaBaseBoard.a(oled.o)
 .text.writeDataLen
                0x0000218c       0x8c D:\EE2028workspace1\Lib_EaBaseBoard\Debug\libLib_EaBaseBoard.a(oled.o)
 .text.runInitSequence
                0x00002218      0x118 D:\EE2028workspace1\Lib_EaBaseBoard\Debug\libLib_EaBaseBoard.a(oled.o)
 .text.oled_init
                0x00002330       0x9c D:\EE2028workspace1\Lib_EaBaseBoard\Debug\libLib_EaBaseBoard.a(oled.o)
                0x00002330                oled_init
 .text.oled_putPixel
                0x000023cc      0x188 D:\EE2028workspace1\Lib_EaBaseBoard\Debug\libLib_EaBaseBoard.a(oled.o)
                0x000023cc                oled_putPixel
 .text.oled_clearScreen
                0x00002554       0x74 D:\EE2028workspace1\Lib_EaBaseBoard\Debug\libLib_EaBaseBoard.a(oled.o)
                0x00002554                oled_clearScreen
 .text.oled_putChar
                0x000025c8       0xf0 D:\EE2028workspace1\Lib_EaBaseBoard\Debug\libLib_EaBaseBoard.a(oled.o)
                0x000025c8                oled_putChar
 .text.oled_putString
                0x000026b8       0x54 D:\EE2028workspace1\Lib_EaBaseBoard\Debug\libLib_EaBaseBoard.a(oled.o)
                0x000026b8                oled_putString
 .text.I2CWrite
                0x0000270c       0x5c D:\EE2028workspace1\Lib_EaBaseBoard\Debug\libLib_EaBaseBoard.a(pca9532.o)
 .text.setLsStates
                0x00002768       0xc4 D:\EE2028workspace1\Lib_EaBaseBoard\Debug\libLib_EaBaseBoard.a(pca9532.o)
 .text.setLeds  0x0000282c       0xa0 D:\EE2028workspace1\Lib_EaBaseBoard\Debug\libLib_EaBaseBoard.a(pca9532.o)
 .text.pca9532_init
                0x000028cc        0xc D:\EE2028workspace1\Lib_EaBaseBoard\Debug\libLib_EaBaseBoard.a(pca9532.o)
                0x000028cc                pca9532_init
 .text.pca9532_setLeds
                0x000028d8       0xa0 D:\EE2028workspace1\Lib_EaBaseBoard\Debug\libLib_EaBaseBoard.a(pca9532.o)
                0x000028d8                pca9532_setLeds
 .text.temp_init
                0x00002978       0x2c D:\EE2028workspace1\Lib_EaBaseBoard\Debug\libLib_EaBaseBoard.a(temp.o)
                0x00002978                temp_init
 .text.temp_read
                0x000029a4      0x10c D:\EE2028workspace1\Lib_EaBaseBoard\Debug\libLib_EaBaseBoard.a(temp.o)
                0x000029a4                temp_read
 .text.GPIO_GetPointer
                0x00002ab0       0x7c D:\EE2028workspace1\Lib_MCU\Debug\libLib_MCU.a(lpc17xx_gpio.o)
 .text.GPIO_SetDir
                0x00002b2c       0x54 D:\EE2028workspace1\Lib_MCU\Debug\libLib_MCU.a(lpc17xx_gpio.o)
                0x00002b2c                GPIO_SetDir
 .text.GPIO_SetValue
                0x00002b80       0x2c D:\EE2028workspace1\Lib_MCU\Debug\libLib_MCU.a(lpc17xx_gpio.o)
                0x00002b80                GPIO_SetValue
 .text.GPIO_ClearValue
                0x00002bac       0x2c D:\EE2028workspace1\Lib_MCU\Debug\libLib_MCU.a(lpc17xx_gpio.o)
                0x00002bac                GPIO_ClearValue
 .text.GPIO_ReadValue
                0x00002bd8       0x30 D:\EE2028workspace1\Lib_MCU\Debug\libLib_MCU.a(lpc17xx_gpio.o)
                0x00002bd8                GPIO_ReadValue
 .text.NVIC_EnableIRQ
                0x00002c08       0x38 D:\EE2028workspace1\Lib_MCU\Debug\libLib_MCU.a(lpc17xx_i2c.o)
 .text.NVIC_DisableIRQ
                0x00002c40       0x3c D:\EE2028workspace1\Lib_MCU\Debug\libLib_MCU.a(lpc17xx_i2c.o)
 .text.I2C_getNum
                0x00002c7c       0x54 D:\EE2028workspace1\Lib_MCU\Debug\libLib_MCU.a(lpc17xx_i2c.o)
 .text.I2C_Start
                0x00002cd0       0x44 D:\EE2028workspace1\Lib_MCU\Debug\libLib_MCU.a(lpc17xx_i2c.o)
 .text.I2C_Stop
                0x00002d14       0x38 D:\EE2028workspace1\Lib_MCU\Debug\libLib_MCU.a(lpc17xx_i2c.o)
 .text.I2C_SendByte
                0x00002d4c       0x50 D:\EE2028workspace1\Lib_MCU\Debug\libLib_MCU.a(lpc17xx_i2c.o)
 .text.I2C_GetByte
                0x00002d9c       0x5c D:\EE2028workspace1\Lib_MCU\Debug\libLib_MCU.a(lpc17xx_i2c.o)
 .text.I2C_IntCmd
                0x00002df8       0xa8 D:\EE2028workspace1\Lib_MCU\Debug\libLib_MCU.a(lpc17xx_i2c.o)
                0x00002df8                I2C_IntCmd
 .text.I2C_MasterHandler
                0x00002ea0      0x408 D:\EE2028workspace1\Lib_MCU\Debug\libLib_MCU.a(lpc17xx_i2c.o)
                0x00002ea0                I2C_MasterHandler
 .text.I2C_SetClock
                0x000032a8       0xc8 D:\EE2028workspace1\Lib_MCU\Debug\libLib_MCU.a(lpc17xx_i2c.o)
                0x000032a8                I2C_SetClock
 .text.I2C_Init
                0x00003370       0xd8 D:\EE2028workspace1\Lib_MCU\Debug\libLib_MCU.a(lpc17xx_i2c.o)
                0x00003370                I2C_Init
 .text.I2C_Cmd  0x00003448       0x84 D:\EE2028workspace1\Lib_MCU\Debug\libLib_MCU.a(lpc17xx_i2c.o)
                0x00003448                I2C_Cmd
 .text.I2C_MasterTransferData
                0x000034cc      0x390 D:\EE2028workspace1\Lib_MCU\Debug\libLib_MCU.a(lpc17xx_i2c.o)
                0x000034cc                I2C_MasterTransferData
 .text.check_failed
                0x0000385c        0xc D:\EE2028workspace1\Lib_MCU\Debug\libLib_MCU.a(lpc17xx_libcfg_default.o)
                0x0000385c                check_failed
 .text.PINSEL_SetPinFunc
                0x00003868       0x9c D:\EE2028workspace1\Lib_MCU\Debug\libLib_MCU.a(lpc17xx_pinsel.o)
                0x00003868                PINSEL_SetPinFunc
 .text.PINSEL_SetResistorMode
                0x00003904       0x9c D:\EE2028workspace1\Lib_MCU\Debug\libLib_MCU.a(lpc17xx_pinsel.o)
                0x00003904                PINSEL_SetResistorMode
 .text.PINSEL_SetOpenDrainMode
                0x000039a0       0x7c D:\EE2028workspace1\Lib_MCU\Debug\libLib_MCU.a(lpc17xx_pinsel.o)
                0x000039a0                PINSEL_SetOpenDrainMode
 .text.PINSEL_ConfigPin
                0x00003a1c       0x54 D:\EE2028workspace1\Lib_MCU\Debug\libLib_MCU.a(lpc17xx_pinsel.o)
                0x00003a1c                PINSEL_ConfigPin
 .text.SSP_getNum
                0x00003a70       0x40 D:\EE2028workspace1\Lib_MCU\Debug\libLib_MCU.a(lpc17xx_ssp.o)
 .text.SSP_IntHandler
                0x00003ab0      0x338 D:\EE2028workspace1\Lib_MCU\Debug\libLib_MCU.a(lpc17xx_ssp.o)
                0x00003ab0                SSP_IntHandler
 .text.SSP_SetClock
                0x00003de8       0xf8 D:\EE2028workspace1\Lib_MCU\Debug\libLib_MCU.a(lpc17xx_ssp.o)
                0x00003de8                SSP_SetClock
 .text.SSP_Init
                0x00003ee0      0x10c D:\EE2028workspace1\Lib_MCU\Debug\libLib_MCU.a(lpc17xx_ssp.o)
                0x00003ee0                SSP_Init
 .text.SSP_ConfigStructInit
                0x00003fec       0x48 D:\EE2028workspace1\Lib_MCU\Debug\libLib_MCU.a(lpc17xx_ssp.o)
                0x00003fec                SSP_ConfigStructInit
 .text.SSP_Cmd  0x00004034       0x7c D:\EE2028workspace1\Lib_MCU\Debug\libLib_MCU.a(lpc17xx_ssp.o)
                0x00004034                SSP_Cmd
 .text.SSP_SendData
                0x000040b0       0x48 D:\EE2028workspace1\Lib_MCU\Debug\libLib_MCU.a(lpc17xx_ssp.o)
                0x000040b0                SSP_SendData
 .text.SSP_ReceiveData
                0x000040f8       0x44 D:\EE2028workspace1\Lib_MCU\Debug\libLib_MCU.a(lpc17xx_ssp.o)
                0x000040f8                SSP_ReceiveData
 .text.SSP_ReadWrite
                0x0000413c      0x440 D:\EE2028workspace1\Lib_MCU\Debug\libLib_MCU.a(lpc17xx_ssp.o)
                0x0000413c                SSP_ReadWrite
 .text.uart_set_divisors
                0x0000457c      0x26c D:\EE2028workspace1\Lib_MCU\Debug\libLib_MCU.a(lpc17xx_uart.o)
                0x0000457c                uart_set_divisors
 .text.UART_Init
                0x000047e8      0x368 D:\EE2028workspace1\Lib_MCU\Debug\libLib_MCU.a(lpc17xx_uart.o)
                0x000047e8                UART_Init
 .text.UART_SendData
                0x00004b50       0x78 D:\EE2028workspace1\Lib_MCU\Debug\libLib_MCU.a(lpc17xx_uart.o)
                0x00004b50                UART_SendData
 .text.UART_ReceiveData
                0x00004bc8       0x78 D:\EE2028workspace1\Lib_MCU\Debug\libLib_MCU.a(lpc17xx_uart.o)
                0x00004bc8                UART_ReceiveData
 .text.UART_IntConfig
                0x00004c40      0x1c8 D:\EE2028workspace1\Lib_MCU\Debug\libLib_MCU.a(lpc17xx_uart.o)
                0x00004c40                UART_IntConfig
 .text.UART_TxCmd
                0x00004e08       0xe8 D:\EE2028workspace1\Lib_MCU\Debug\libLib_MCU.a(lpc17xx_uart.o)
                0x00004e08                UART_TxCmd
 .text.UART_Send
                0x00004ef0      0x10c D:\EE2028workspace1\Lib_MCU\Debug\libLib_MCU.a(lpc17xx_uart.o)
                0x00004ef0                UART_Send
 .text.UART_Receive
                0x00004ffc       0xd8 D:\EE2028workspace1\Lib_MCU\Debug\libLib_MCU.a(lpc17xx_uart.o)
                0x00004ffc                UART_Receive
 .text.CLKPWR_SetPCLKDiv
                0x000050d4       0xcc D:\EE2028workspace1\Lib_MCU\Debug\libLib_MCU.a(lpc17xx_clkpwr.o)
                0x000050d4                CLKPWR_SetPCLKDiv
 .text.CLKPWR_GetPCLKSEL
                0x000051a0       0x54 D:\EE2028workspace1\Lib_MCU\Debug\libLib_MCU.a(lpc17xx_clkpwr.o)
                0x000051a0                CLKPWR_GetPCLKSEL
 .text.CLKPWR_GetPCLK
                0x000051f4       0x74 D:\EE2028workspace1\Lib_MCU\Debug\libLib_MCU.a(lpc17xx_clkpwr.o)
                0x000051f4                CLKPWR_GetPCLK
 .text.CLKPWR_ConfigPPWR
                0x00005268       0x78 D:\EE2028workspace1\Lib_MCU\Debug\libLib_MCU.a(lpc17xx_clkpwr.o)
                0x00005268                CLKPWR_ConfigPPWR
 .text          0x000052e0      0x370 c:/nxp/lpcxpresso_6.1.4_194/lpcxpresso/tools/bin/../lib/gcc/arm-none-eabi/4.6.2/armv7-m\libgcc.a(_arm_addsubdf3.o)
                0x000052e0                __aeabi_drsub
                0x000052e8                __aeabi_dsub
                0x000052e8                __subdf3
                0x000052ec                __aeabi_dadd
                0x000052ec                __adddf3
                0x00005564                __floatunsidf
                0x00005564                __aeabi_ui2d
                0x00005584                __floatsidf
                0x00005584                __aeabi_i2d
                0x000055a8                __aeabi_f2d
                0x000055a8                __extendsfdf2
                0x000055e4                __floatundidf
                0x000055e4                __aeabi_ul2d
                0x000055f4                __floatdidf
                0x000055f4                __aeabi_l2d
 .text          0x00005650      0x424 c:/nxp/lpcxpresso_6.1.4_194/lpcxpresso/tools/bin/../lib/gcc/arm-none-eabi/4.6.2/armv7-m\libgcc.a(_arm_muldivdf3.o)
                0x00005650                __aeabi_dmul
                0x00005650                __muldf3
                0x000058a4                __divdf3
                0x000058a4                __aeabi_ddiv
 .text          0x00005a74       0x50 c:/nxp/lpcxpresso_6.1.4_194/lpcxpresso/tools/bin/../lib/gcc/arm-none-eabi/4.6.2/armv7-m\libgcc.a(_arm_fixdfsi.o)
                0x00005a74                __aeabi_d2iz
                0x00005a74                __fixdfsi
 .text          0x00005ac4       0xa0 c:/nxp/lpcxpresso_6.1.4_194/lpcxpresso/tools/bin/../lib/gcc/arm-none-eabi/4.6.2/armv7-m\libgcc.a(_arm_truncdfsf2.o)
                0x00005ac4                __truncdfsf2
                0x00005ac4                __aeabi_d2f
 .text          0x00005b64      0x21c c:/nxp/lpcxpresso_6.1.4_194/lpcxpresso/tools/bin/../lib/gcc/arm-none-eabi/4.6.2/armv7-m\libgcc.a(_arm_addsubsf3.o)
                0x00005b64                __aeabi_frsub
                0x00005b6c                __subsf3
                0x00005b6c                __aeabi_fsub
                0x00005b70                __aeabi_fadd
                0x00005b70                __addsf3
                0x00005cd0                __aeabi_ui2f
                0x00005cd0                __floatunsisf
                0x00005cd8                __aeabi_i2f
                0x00005cd8                __floatsisf
                0x00005cf4                __aeabi_ul2f
                0x00005cf4                __floatundisf
                0x00005d04                __aeabi_l2f
                0x00005d04                __floatdisf
 .text          0x00005d80      0x2a0 c:/nxp/lpcxpresso_6.1.4_194/lpcxpresso/tools/bin/../lib/gcc/arm-none-eabi/4.6.2/armv7-m\libgcc.a(_arm_muldivsf3.o)
                0x00005d80                __mulsf3
                0x00005d80                __aeabi_fmul
                0x00005ee8                __aeabi_fdiv
                0x00005ee8                __divsf3
 .text          0x00006020       0xec c:/nxp/lpcxpresso_6.1.4_194/lpcxpresso/tools/bin/../lib/gcc/arm-none-eabi/4.6.2/armv7-m\libgcc.a(_arm_cmpsf2.o)
                0x00006020                __gesf2
                0x00006020                __gtsf2
                0x00006028                __lesf2
                0x00006028                __ltsf2
                0x00006030                __nesf2
                0x00006030                __eqsf2
                0x00006030                __cmpsf2
                0x00006090                __aeabi_cfrcmple
                0x00006098                __aeabi_cfcmpeq
                0x00006098                __aeabi_cfcmple
                0x000060a8                __aeabi_fcmpeq
                0x000060bc                __aeabi_fcmplt
                0x000060d0                __aeabi_fcmple
                0x000060e4                __aeabi_fcmpge
                0x000060f8                __aeabi_fcmpgt
 .text          0x0000610c       0x2c c:/nxp/lpcxpresso_6.1.4_194/lpcxpresso/tools/bin/../lib/gcc/arm-none-eabi/4.6.2/armv7-m\libgcc.a(_aeabi_uldivmod.o)
                0x0000610c                __aeabi_uldivmod
 .text          0x00006138       0x5c c:/nxp/lpcxpresso_6.1.4_194/lpcxpresso/tools/bin/../lib/gcc/arm-none-eabi/4.6.2/armv7-m\libgcc.a(bpabi.o)
                0x00006138                __gnu_ldivmod_helper
                0x00006168                __gnu_uldivmod_helper
 .text          0x00006194        0x4 c:/nxp/lpcxpresso_6.1.4_194/lpcxpresso/tools/bin/../lib/gcc/arm-none-eabi/4.6.2/armv7-m\libgcc.a(_dvmd_tls.o)
                0x00006194                __aeabi_idiv0
                0x00006194                __aeabi_ldiv0
 .text          0x00006198      0x2c8 c:/nxp/lpcxpresso_6.1.4_194/lpcxpresso/tools/bin/../lib/gcc/arm-none-eabi/4.6.2/armv7-m\libgcc.a(_divdi3.o)
                0x00006198                __divdi3
 .text          0x00006460      0x298 c:/nxp/lpcxpresso_6.1.4_194/lpcxpresso/tools/bin/../lib/gcc/arm-none-eabi/4.6.2/armv7-m\libgcc.a(_udivdi3.o)
                0x00006460                __udivdi3
 .text.memset   0x000066f8       0x90 c:/nxp/lpcxpresso_6.1.4_194/lpcxpresso/tools/bin/../lib/gcc/arm-none-eabi/4.6.2/../../../../arm-none-eabi/lib/armv7-m\libc.a(lib_a-memset.o)
                0x000066f8                memset
 .text.sprintf  0x00006788       0x50 c:/nxp/lpcxpresso_6.1.4_194/lpcxpresso/tools/bin/../lib/gcc/arm-none-eabi/4.6.2/../../../../arm-none-eabi/lib/armv7-m\libc.a(lib_a-sprintf.o)
                0x00006788                sprintf
 .text.strlen   0x000067d8       0x60 c:/nxp/lpcxpresso_6.1.4_194/lpcxpresso/tools/bin/../lib/gcc/arm-none-eabi/4.6.2/../../../../arm-none-eabi/lib/armv7-m\libc.a(lib_a-strlen.o)
                0x000067d8                strlen
 .text.strtok   0x00006838       0x14 c:/nxp/lpcxpresso_6.1.4_194/lpcxpresso/tools/bin/../lib/gcc/arm-none-eabi/4.6.2/../../../../arm-none-eabi/lib/armv7-m\libc.a(lib_a-strtok.o)
                0x00006838                strtok
 .text.__strtok_r
                0x0000684c       0x60 c:/nxp/lpcxpresso_6.1.4_194/lpcxpresso/tools/bin/../lib/gcc/arm-none-eabi/4.6.2/../../../../arm-none-eabi/lib/armv7-m\libc.a(lib_a-strtok_r.o)
                0x0000684c                __strtok_r
 .text._svfprintf_r
                0x000068ac     0x1408 c:/nxp/lpcxpresso_6.1.4_194/lpcxpresso/tools/bin/../lib/gcc/arm-none-eabi/4.6.2/../../../../arm-none-eabi/lib/armv7-m\libc.a(lib_a-svfprintf.o)
                0x000068ac                _svfprintf_r
 .text.quorem   0x00007cb4      0x150 c:/nxp/lpcxpresso_6.1.4_194/lpcxpresso/tools/bin/../lib/gcc/arm-none-eabi/4.6.2/../../../../arm-none-eabi/lib/armv7-m\libc.a(lib_a-dtoa.o)
 *fill*         0x00007e04        0x4 00
 .text._dtoa_r  0x00007e08      0xe60 c:/nxp/lpcxpresso_6.1.4_194/lpcxpresso/tools/bin/../lib/gcc/arm-none-eabi/4.6.2/../../../../arm-none-eabi/lib/armv7-m\libc.a(lib_a-dtoa.o)
                0x00007e08                _dtoa_r
 .text._localeconv_r
                0x00008c68        0xc c:/nxp/lpcxpresso_6.1.4_194/lpcxpresso/tools/bin/../lib/gcc/arm-none-eabi/4.6.2/../../../../arm-none-eabi/lib/armv7-m\libc.a(lib_a-locale.o)
                0x00008c68                _localeconv_r
 .text._malloc_r
                0x00008c74      0x528 c:/nxp/lpcxpresso_6.1.4_194/lpcxpresso/tools/bin/../lib/gcc/arm-none-eabi/4.6.2/../../../../arm-none-eabi/lib/armv7-m\libc.a(lib_a-mallocr.o)
                0x00008c74                _malloc_r
 .text.memchr   0x0000919c       0x84 c:/nxp/lpcxpresso_6.1.4_194/lpcxpresso/tools/bin/../lib/gcc/arm-none-eabi/4.6.2/../../../../arm-none-eabi/lib/armv7-m\libc.a(lib_a-memchr.o)
                0x0000919c                memchr
 .text.memcpy   0x00009220       0x84 c:/nxp/lpcxpresso_6.1.4_194/lpcxpresso/tools/bin/../lib/gcc/arm-none-eabi/4.6.2/../../../../arm-none-eabi/lib/armv7-m\libc.a(lib_a-memcpy.o)
                0x00009220                memcpy
 .text.__malloc_lock
                0x000092a4        0x4 c:/nxp/lpcxpresso_6.1.4_194/lpcxpresso/tools/bin/../lib/gcc/arm-none-eabi/4.6.2/../../../../arm-none-eabi/lib/armv7-m\libc.a(lib_a-mlock.o)
                0x000092a4                __malloc_lock
 .text.__malloc_unlock
                0x000092a8        0x4 c:/nxp/lpcxpresso_6.1.4_194/lpcxpresso/tools/bin/../lib/gcc/arm-none-eabi/4.6.2/../../../../arm-none-eabi/lib/armv7-m\libc.a(lib_a-mlock.o)
                0x000092a8                __malloc_unlock
 .text._Balloc  0x000092ac       0x4c c:/nxp/lpcxpresso_6.1.4_194/lpcxpresso/tools/bin/../lib/gcc/arm-none-eabi/4.6.2/../../../../arm-none-eabi/lib/armv7-m\libc.a(lib_a-mprec.o)
                0x000092ac                _Balloc
 .text._Bfree   0x000092f8       0x14 c:/nxp/lpcxpresso_6.1.4_194/lpcxpresso/tools/bin/../lib/gcc/arm-none-eabi/4.6.2/../../../../arm-none-eabi/lib/armv7-m\libc.a(lib_a-mprec.o)
                0x000092f8                _Bfree
 .text.__multadd
                0x0000930c       0x84 c:/nxp/lpcxpresso_6.1.4_194/lpcxpresso/tools/bin/../lib/gcc/arm-none-eabi/4.6.2/../../../../arm-none-eabi/lib/armv7-m\libc.a(lib_a-mprec.o)
                0x0000930c                __multadd
 .text.__hi0bits
                0x00009390       0x3c c:/nxp/lpcxpresso_6.1.4_194/lpcxpresso/tools/bin/../lib/gcc/arm-none-eabi/4.6.2/../../../../arm-none-eabi/lib/armv7-m\libc.a(lib_a-mprec.o)
                0x00009390                __hi0bits
 .text.__lo0bits
                0x000093cc       0x5c c:/nxp/lpcxpresso_6.1.4_194/lpcxpresso/tools/bin/../lib/gcc/arm-none-eabi/4.6.2/../../../../arm-none-eabi/lib/armv7-m\libc.a(lib_a-mprec.o)
                0x000093cc                __lo0bits
 .text.__i2b    0x00009428       0x14 c:/nxp/lpcxpresso_6.1.4_194/lpcxpresso/tools/bin/../lib/gcc/arm-none-eabi/4.6.2/../../../../arm-none-eabi/lib/armv7-m\libc.a(lib_a-mprec.o)
                0x00009428                __i2b
 .text.__multiply
                0x0000943c      0x144 c:/nxp/lpcxpresso_6.1.4_194/lpcxpresso/tools/bin/../lib/gcc/arm-none-eabi/4.6.2/../../../../arm-none-eabi/lib/armv7-m\libc.a(lib_a-mprec.o)
                0x0000943c                __multiply
 .text.__pow5mult
                0x00009580       0x98 c:/nxp/lpcxpresso_6.1.4_194/lpcxpresso/tools/bin/../lib/gcc/arm-none-eabi/4.6.2/../../../../arm-none-eabi/lib/armv7-m\libc.a(lib_a-mprec.o)
                0x00009580                __pow5mult
 .text.__lshift
                0x00009618       0xc0 c:/nxp/lpcxpresso_6.1.4_194/lpcxpresso/tools/bin/../lib/gcc/arm-none-eabi/4.6.2/../../../../arm-none-eabi/lib/armv7-m\libc.a(lib_a-mprec.o)
                0x00009618                __lshift
 .text.__mcmp   0x000096d8       0x3c c:/nxp/lpcxpresso_6.1.4_194/lpcxpresso/tools/bin/../lib/gcc/arm-none-eabi/4.6.2/../../../../arm-none-eabi/lib/armv7-m\libc.a(lib_a-mprec.o)
                0x000096d8                __mcmp
 .text.__mdiff  0x00009714       0xd8 c:/nxp/lpcxpresso_6.1.4_194/lpcxpresso/tools/bin/../lib/gcc/arm-none-eabi/4.6.2/../../../../arm-none-eabi/lib/armv7-m\libc.a(lib_a-mprec.o)
                0x00009714                __mdiff
 .text.__d2b    0x000097ec       0xcc c:/nxp/lpcxpresso_6.1.4_194/lpcxpresso/tools/bin/../lib/gcc/arm-none-eabi/4.6.2/../../../../arm-none-eabi/lib/armv7-m\libc.a(lib_a-mprec.o)
                0x000097ec                __d2b
 .text.__fpclassifyd
                0x000098b8       0x68 c:/nxp/lpcxpresso_6.1.4_194/lpcxpresso/tools/bin/../lib/gcc/arm-none-eabi/4.6.2/../../../../arm-none-eabi/lib/armv7-m\libc.a(lib_a-s_fpclassify.o)
                0x000098b8                __fpclassifyd
 .text._sbrk_r  0x00009920       0x24 c:/nxp/lpcxpresso_6.1.4_194/lpcxpresso/tools/bin/../lib/gcc/arm-none-eabi/4.6.2/../../../../arm-none-eabi/lib/armv7-m\libc.a(lib_a-sbrkr.o)
                0x00009920                _sbrk_r
 .text.__ssprint_r
                0x00009944       0xf8 c:/nxp/lpcxpresso_6.1.4_194/lpcxpresso/tools/bin/../lib/gcc/arm-none-eabi/4.6.2/../../../../arm-none-eabi/lib/armv7-m\libc.a(lib_a-svfiprintf.o)
                0x00009944                __ssprint_r
 .text._calloc_r
                0x00009a3c       0x60 c:/nxp/lpcxpresso_6.1.4_194/lpcxpresso/tools/bin/../lib/gcc/arm-none-eabi/4.6.2/../../../../arm-none-eabi/lib/armv7-m\libc.a(lib_a-callocr.o)
                0x00009a3c                _calloc_r
 .text._malloc_trim_r
                0x00009a9c       0xa0 c:/nxp/lpcxpresso_6.1.4_194/lpcxpresso/tools/bin/../lib/gcc/arm-none-eabi/4.6.2/../../../../arm-none-eabi/lib/armv7-m\libc.a(lib_a-freer.o)
                0x00009a9c                _malloc_trim_r
 .text._free_r  0x00009b3c      0x190 c:/nxp/lpcxpresso_6.1.4_194/lpcxpresso/tools/bin/../lib/gcc/arm-none-eabi/4.6.2/../../../../arm-none-eabi/lib/armv7-m\libc.a(lib_a-freer.o)
                0x00009b3c                _free_r
 .text.memmove  0x00009ccc       0xb0 c:/nxp/lpcxpresso_6.1.4_194/lpcxpresso/tools/bin/../lib/gcc/arm-none-eabi/4.6.2/../../../../arm-none-eabi/lib/armv7-m\libc.a(lib_a-memmove.o)
                0x00009ccc                memmove
 .text._realloc_r
                0x00009d7c      0x3f4 c:/nxp/lpcxpresso_6.1.4_194/lpcxpresso/tools/bin/../lib/gcc/arm-none-eabi/4.6.2/../../../../arm-none-eabi/lib/armv7-m\libc.a(lib_a-reallocr.o)
                0x00009d7c                _realloc_r
 .text.round    0x0000a170       0x98 c:/nxp/lpcxpresso_6.1.4_194/lpcxpresso/tools/bin/../lib/gcc/arm-none-eabi/4.6.2/../../../../arm-none-eabi/lib/armv7-m\libm.a(lib_a-s_round.o)
                0x0000a170                round
 .text.sqrt     0x0000a208       0xa8 c:/nxp/lpcxpresso_6.1.4_194/lpcxpresso/tools/bin/../lib/gcc/arm-none-eabi/4.6.2/../../../../arm-none-eabi/lib/armv7-m\libm.a(lib_a-w_sqrt.o)
                0x0000a208                sqrt
 .text.__ieee754_sqrt
                0x0000a2b0      0x1b4 c:/nxp/lpcxpresso_6.1.4_194/lpcxpresso/tools/bin/../lib/gcc/arm-none-eabi/4.6.2/../../../../arm-none-eabi/lib/armv7-m\libm.a(lib_a-e_sqrt.o)
                0x0000a2b0                __ieee754_sqrt
 .text.matherr  0x0000a464        0x4 c:/nxp/lpcxpresso_6.1.4_194/lpcxpresso/tools/bin/../lib/gcc/arm-none-eabi/4.6.2/../../../../arm-none-eabi/lib/armv7-m\libm.a(lib_a-s_matherr.o)
                0x0000a464                matherr
 .text._sbrk    0x0000a468       0x3c c:/nxp/lpcxpresso_6.1.4_194/lpcxpresso/tools/bin/../lib/gcc/arm-none-eabi/4.6.2/../../../../arm-none-eabi/lib/armv7-m\libcr_newlib_semihost.a(_cr_sbrk.o)
                0x0000a468                _sbrk
 .text.__check_heap_overflow
                0x0000a4a4       0x2c c:/nxp/lpcxpresso_6.1.4_194/lpcxpresso/tools/bin/../lib/gcc/arm-none-eabi/4.6.2/../../../../arm-none-eabi/lib/armv7-m\libcr_newlib_semihost.a(_cr_check_heap.o)
                0x0000a4a4                __check_heap_overflow
 .text          0x0000a4d0      0x110 c:/nxp/lpcxpresso_6.1.4_194/lpcxpresso/tools/bin/../lib/gcc/arm-none-eabi/4.6.2/armv7-m\libgcc.a(_arm_cmpdf2.o)
                0x0000a4d0                __gtdf2
                0x0000a4d0                __gedf2
                0x0000a4d8                __ltdf2
                0x0000a4d8                __ledf2
                0x0000a4e0                __nedf2
                0x0000a4e0                __eqdf2
                0x0000a4e0                __cmpdf2
                0x0000a55c                __aeabi_cdrcmple
                0x0000a56c                __aeabi_cdcmpeq
                0x0000a56c                __aeabi_cdcmple
                0x0000a57c                __aeabi_dcmpeq
                0x0000a590                __aeabi_dcmplt
                0x0000a5a4                __aeabi_dcmple
                0x0000a5b8                __aeabi_dcmpge
                0x0000a5cc                __aeabi_dcmpgt
 .text.__errno  0x0000a5e0        0xc c:/nxp/lpcxpresso_6.1.4_194/lpcxpresso/tools/bin/../lib/gcc/arm-none-eabi/4.6.2/../../../../arm-none-eabi/lib/armv7-m\libc.a(lib_a-errno.o)
                0x0000a5e0                __errno
 *(.rodata .rodata.* .constdata .constdata.*)
 .rodata        0x0000a5ec      0x2b4 ./src/main.o
 .rodata        0x0000a8a0        0x8 D:\EE2028workspace1\Lib_EaBaseBoard\Debug\libLib_EaBaseBoard.a(oled.o)
 .rodata        0x0000a8a8      0x300 D:\EE2028workspace1\Lib_EaBaseBoard\Debug\libLib_EaBaseBoard.a(font5x7.o)
                0x0000a8a8                font5x7
 .rodata        0x0000aba8       0x18 D:\EE2028workspace1\Lib_MCU\Debug\libLib_MCU.a(lpc17xx_i2c.o)
 .rodata        0x0000abc0       0x18 D:\EE2028workspace1\Lib_MCU\Debug\libLib_MCU.a(lpc17xx_ssp.o)
 .rodata        0x0000abd8       0x18 D:\EE2028workspace1\Lib_MCU\Debug\libLib_MCU.a(lpc17xx_uart.o)
 .rodata.zeroes.6590
                0x0000abf0       0x10 c:/nxp/lpcxpresso_6.1.4_194/lpcxpresso/tools/bin/../lib/gcc/arm-none-eabi/4.6.2/../../../../arm-none-eabi/lib/armv7-m\libc.a(lib_a-svfprintf.o)
 .rodata.str1.4
                0x0000ac00       0x42 c:/nxp/lpcxpresso_6.1.4_194/lpcxpresso/tools/bin/../lib/gcc/arm-none-eabi/4.6.2/../../../../arm-none-eabi/lib/armv7-m\libc.a(lib_a-svfprintf.o)
                                 0x44 (size before relaxing)
 *fill*         0x0000ac42        0x2 00
 .rodata.blanks.6589
                0x0000ac44       0x10 c:/nxp/lpcxpresso_6.1.4_194/lpcxpresso/tools/bin/../lib/gcc/arm-none-eabi/4.6.2/../../../../arm-none-eabi/lib/armv7-m\libc.a(lib_a-svfprintf.o)
 .rodata.str1.4
                0x0000ac54       0x10 c:/nxp/lpcxpresso_6.1.4_194/lpcxpresso/tools/bin/../lib/gcc/arm-none-eabi/4.6.2/../../../../arm-none-eabi/lib/armv7-m\libc.a(lib_a-dtoa.o)
                                 0x14 (size before relaxing)
 .rodata.str1.4
                0x0000ac64        0x2 c:/nxp/lpcxpresso_6.1.4_194/lpcxpresso/tools/bin/../lib/gcc/arm-none-eabi/4.6.2/../../../../arm-none-eabi/lib/armv7-m\libc.a(lib_a-impure.o)
                                  0x4 (size before relaxing)
 *fill*         0x0000ac66        0x2 00
 .rodata.str1.4
                0x0000ac68        0xa c:/nxp/lpcxpresso_6.1.4_194/lpcxpresso/tools/bin/../lib/gcc/arm-none-eabi/4.6.2/../../../../arm-none-eabi/lib/armv7-m\libc.a(lib_a-locale.o)
                                 0x14 (size before relaxing)
 *fill*         0x0000ac72        0x6 00
 .rodata.__mprec_tens
                0x0000ac78       0xc8 c:/nxp/lpcxpresso_6.1.4_194/lpcxpresso/tools/bin/../lib/gcc/arm-none-eabi/4.6.2/../../../../arm-none-eabi/lib/armv7-m\libc.a(lib_a-mprec.o)
                0x0000ac78                __mprec_tens
 .rodata.__mprec_bigtens
                0x0000ad40       0x28 c:/nxp/lpcxpresso_6.1.4_194/lpcxpresso/tools/bin/../lib/gcc/arm-none-eabi/4.6.2/../../../../arm-none-eabi/lib/armv7-m\libc.a(lib_a-mprec.o)
                0x0000ad40                __mprec_bigtens
 .rodata.p05.5111
                0x0000ad68        0xc c:/nxp/lpcxpresso_6.1.4_194/lpcxpresso/tools/bin/../lib/gcc/arm-none-eabi/4.6.2/../../../../arm-none-eabi/lib/armv7-m\libc.a(lib_a-mprec.o)
 .rodata.str1.4
                0x0000ad74        0x8 c:/nxp/lpcxpresso_6.1.4_194/lpcxpresso/tools/bin/../lib/gcc/arm-none-eabi/4.6.2/../../../../arm-none-eabi/lib/armv7-m\libm.a(lib_a-w_sqrt.o)
                0x0000ad7c                . = ALIGN (0x4)

.glue_7         0x0000ad7c        0x0
 .glue_7        0x00000000        0x0 linker stubs

.glue_7t        0x0000ad7c        0x0
 .glue_7t       0x00000000        0x0 linker stubs

.vfp11_veneer   0x0000ad7c        0x0
 .vfp11_veneer  0x00000000        0x0 linker stubs

.v4_bx          0x0000ad7c        0x0
 .v4_bx         0x00000000        0x0 linker stubs

.ARM.extab
 *(.ARM.extab* .gnu.linkonce.armextab.*)
                0x0000ad7c                __exidx_start = .

.ARM.exidx      0x0000ad7c        0x8
 *(.ARM.exidx* .gnu.linkonce.armexidx.*)
 .ARM.exidx     0x0000ad7c        0x8 c:/nxp/lpcxpresso_6.1.4_194/lpcxpresso/tools/bin/../lib/gcc/arm-none-eabi/4.6.2/armv7-m\libgcc.a(_divdi3.o)
 .ARM.exidx     0x0000ad84        0x0 c:/nxp/lpcxpresso_6.1.4_194/lpcxpresso/tools/bin/../lib/gcc/arm-none-eabi/4.6.2/armv7-m\libgcc.a(_udivdi3.o)
                                  0x8 (size before relaxing)
                0x0000ad84                __exidx_end = .
                0x0000ad84                _etext = .

.data_RAM2      0x2007c000        0x0 load address 0x0000ad84
 FILL mask 0xff
 *(.data.$RAM2*)
 *(.data.$RamAHB32*)
                0x2007c000                . = ALIGN (0x4)

.uninit_RESERVED
                0x10000000        0x0
 *(.bss.$RESERVED*)
                0x10000000                . = ALIGN (0x4)
                0x10000000                _end_uninit_RESERVED = .

.data           0x10000000      0x908 load address 0x0000ad84
 FILL mask 0xff
                0x10000000                _data = .
 *(vtable)
 *(.data*)
 .data          0x10000000       0x30 ./src/main.o
                0x10000000                characters
                0x10000010                saved
                0x10000018                emergency_message
                0x1000001d                btnSW4
                0x10000020                RGB_flag
                0x10000024                ACC_THRESHOLD
                0x10000028                LIGHT_THRESHOLD
                0x1000002c                TEMP_THRESHOLD
 .data          0x10000030        0x4 D:\EE2028workspace1\Lib_CMSISv1p30_LPC17xx\Debug\libCMSISv1p30_LPC17xx.a(system_LPC17xx.o)
                0x10000030                SystemCoreClock
 .data          0x10000034       0x50 D:\EE2028workspace1\Lib_EaBaseBoard\Debug\libLib_EaBaseBoard.a(led7seg.o)
 .data          0x10000084        0x8 D:\EE2028workspace1\Lib_EaBaseBoard\Debug\libLib_EaBaseBoard.a(light.o)
 *fill*         0x1000008c        0x4 00
 .data.impure_data
                0x10000090      0x428 c:/nxp/lpcxpresso_6.1.4_194/lpcxpresso/tools/bin/../lib/gcc/arm-none-eabi/4.6.2/../../../../arm-none-eabi/lib/armv7-m\libc.a(lib_a-impure.o)
 .data._impure_ptr
                0x100004b8        0x4 c:/nxp/lpcxpresso_6.1.4_194/lpcxpresso/tools/bin/../lib/gcc/arm-none-eabi/4.6.2/../../../../arm-none-eabi/lib/armv7-m\libc.a(lib_a-impure.o)
                0x100004b8                _impure_ptr
 .data.lconv    0x100004bc       0x38 c:/nxp/lpcxpresso_6.1.4_194/lpcxpresso/tools/bin/../lib/gcc/arm-none-eabi/4.6.2/../../../../arm-none-eabi/lib/armv7-m\libc.a(lib_a-locale.o)
 .data.__malloc_av_
                0x100004f4      0x408 c:/nxp/lpcxpresso_6.1.4_194/lpcxpresso/tools/bin/../lib/gcc/arm-none-eabi/4.6.2/../../../../arm-none-eabi/lib/armv7-m\libc.a(lib_a-mallocr.o)
                0x100004f4                __malloc_av_
 .data.__malloc_trim_threshold
                0x100008fc        0x4 c:/nxp/lpcxpresso_6.1.4_194/lpcxpresso/tools/bin/../lib/gcc/arm-none-eabi/4.6.2/../../../../arm-none-eabi/lib/armv7-m\libc.a(lib_a-mallocr.o)
                0x100008fc                __malloc_trim_threshold
 .data.__malloc_sbrk_base
                0x10000900        0x4 c:/nxp/lpcxpresso_6.1.4_194/lpcxpresso/tools/bin/../lib/gcc/arm-none-eabi/4.6.2/../../../../arm-none-eabi/lib/armv7-m\libc.a(lib_a-mallocr.o)
                0x10000900                __malloc_sbrk_base
 .data.__fdlib_version
                0x10000904        0x1 c:/nxp/lpcxpresso_6.1.4_194/lpcxpresso/tools/bin/../lib/gcc/arm-none-eabi/4.6.2/../../../../arm-none-eabi/lib/armv7-m\libm.a(lib_a-s_lib_ver.o)
                0x10000904                __fdlib_version
                0x10000908                . = ALIGN (0x4)
 *fill*         0x10000905        0x3 ff
                0x10000908                _edata = .

.bss_RAM2       0x2007c000        0x0
 *(.bss.$RAM2*)
 *(.bss.$RamAHB32*)
                0x2007c000                . = ALIGN (0x4)

.bss            0x10000908      0x494
                0x10000908                _bss = .
 *(.bss*)
 .bss           0x10000908       0x5c ./src/main.o
                0x10000908                mode
                0x1000090c                climb_flag
                0x10000910                five_second
                0x10000914                time_taken
                0x10000918                uart_count
                0x1000091c                three_second
                0x10000924                emergency_flag
                0x10000930                x
                0x10000931                y
                0x10000932                z
                0x10000933                xoff
                0x10000934                yoff
                0x10000935                zoff
                0x10000936                acix
                0x10000937                aciy
                0x10000938                aciz
                0x1000093c                x_g
                0x10000940                y_g
                0x10000944                z_g
                0x10000948                acix_g
                0x1000094c                aciy_g
                0x10000950                aciz_g
                0x10000954                anx_g
                0x10000958                any_g
                0x1000095c                anz_g
                0x10000960                net_acc
 .bss           0x10000964      0x300 D:\EE2028workspace1\Lib_EaBaseBoard\Debug\libLib_EaBaseBoard.a(oled.o)
 .bss           0x10000c64        0x6 D:\EE2028workspace1\Lib_EaBaseBoard\Debug\libLib_EaBaseBoard.a(pca9532.o)
 *fill*         0x10000c6a        0x2 00
 .bss           0x10000c6c        0x4 D:\EE2028workspace1\Lib_EaBaseBoard\Debug\libLib_EaBaseBoard.a(temp.o)
 .bss           0x10000c70       0x24 D:\EE2028workspace1\Lib_MCU\Debug\libLib_MCU.a(lpc17xx_i2c.o)
 .bss           0x10000c94       0x18 D:\EE2028workspace1\Lib_MCU\Debug\libLib_MCU.a(lpc17xx_ssp.o)
 .bss.__malloc_max_total_mem
                0x10000cac        0x4 c:/nxp/lpcxpresso_6.1.4_194/lpcxpresso/tools/bin/../lib/gcc/arm-none-eabi/4.6.2/../../../../arm-none-eabi/lib/armv7-m\libc.a(lib_a-mallocr.o)
                0x10000cac                __malloc_max_total_mem
 .bss.__malloc_max_sbrked_mem
                0x10000cb0        0x4 c:/nxp/lpcxpresso_6.1.4_194/lpcxpresso/tools/bin/../lib/gcc/arm-none-eabi/4.6.2/../../../../arm-none-eabi/lib/armv7-m\libc.a(lib_a-mallocr.o)
                0x10000cb0                __malloc_max_sbrked_mem
 .bss.__malloc_top_pad
                0x10000cb4        0x4 c:/nxp/lpcxpresso_6.1.4_194/lpcxpresso/tools/bin/../lib/gcc/arm-none-eabi/4.6.2/../../../../arm-none-eabi/lib/armv7-m\libc.a(lib_a-mallocr.o)
                0x10000cb4                __malloc_top_pad
 .bss.__malloc_current_mallinfo
                0x10000cb8       0x28 c:/nxp/lpcxpresso_6.1.4_194/lpcxpresso/tools/bin/../lib/gcc/arm-none-eabi/4.6.2/../../../../arm-none-eabi/lib/armv7-m\libc.a(lib_a-mallocr.o)
                0x10000cb8                __malloc_current_mallinfo
 *(COMMON)
 COMMON         0x10000ce0       0xb1 ./src/main.o
                0x10000ce0                one_second
                0x10000ce4                OLED_String
                0x10000d34                data
                0x10000d3c                UART_STRING
                0x10000d8c                msTicks
                0x10000d90                junk
 *fill*         0x10000d91        0x3 00
 COMMON         0x10000d94        0x4 c:/nxp/lpcxpresso_6.1.4_194/lpcxpresso/tools/bin/../lib/gcc/arm-none-eabi/4.6.2/../../../../arm-none-eabi/lib/armv7-m\libc.a(lib_a-reent.o)
                0x10000d94                errno
 COMMON         0x10000d98        0x4 c:/nxp/lpcxpresso_6.1.4_194/lpcxpresso/tools/bin/../lib/gcc/arm-none-eabi/4.6.2/../../../../arm-none-eabi/lib/armv7-m\libcr_newlib_semihost.a(_cr_sbrk.o)
                0x10000d98                __end_of_heap
                0x10000d9c                . = ALIGN (0x4)
                0x10000d9c                _ebss = .
                0x10000d9c                PROVIDE (end, .)

.noinit_RAM2    0x2007c000        0x0
 *(.noinit.$RAM2*)
 *(.noinit.$RamAHB32*)
                0x2007c000                . = ALIGN (0x4)

.noinit         0x10000d9c        0x0
                0x10000d9c                _noinit = .
 *(.noinit*)
                0x10000d9c                . = ALIGN (0x4)
                0x10000d9c                _end_noinit = .
                0x10000d9c                PROVIDE (_pvHeapStart, .)
                0x10008000                PROVIDE (_vStackTop, (__top_RamLoc32 - 0x0))
OUTPUT(demo.axf elf32-littlearm)

.debug_info     0x00000000     0x832b
 .debug_info    0x00000000      0x209 ./src/cr_startup_lpc17.o
 .debug_info    0x00000209     0x19ae ./src/main.o
 .debug_info    0x00001bb7      0x357 D:\EE2028workspace1\Lib_CMSISv1p30_LPC17xx\Debug\libCMSISv1p30_LPC17xx.a(system_LPC17xx.o)
 .debug_info    0x00001f0e      0x5a8 D:\EE2028workspace1\Lib_EaBaseBoard\Debug\libLib_EaBaseBoard.a(acc.o)
 .debug_info    0x000024b6      0x282 D:\EE2028workspace1\Lib_EaBaseBoard\Debug\libLib_EaBaseBoard.a(led7seg.o)
 .debug_info    0x00002738      0x763 D:\EE2028workspace1\Lib_EaBaseBoard\Debug\libLib_EaBaseBoard.a(light.o)
 .debug_info    0x00002e9b      0x97d D:\EE2028workspace1\Lib_EaBaseBoard\Debug\libLib_EaBaseBoard.a(oled.o)
 .debug_info    0x00003818      0x642 D:\EE2028workspace1\Lib_EaBaseBoard\Debug\libLib_EaBaseBoard.a(pca9532.o)
 .debug_info    0x00003e5a      0x154 D:\EE2028workspace1\Lib_EaBaseBoard\Debug\libLib_EaBaseBoard.a(temp.o)
 .debug_info    0x00003fae       0x65 D:\EE2028workspace1\Lib_EaBaseBoard\Debug\libLib_EaBaseBoard.a(font5x7.o)
 .debug_info    0x00004013      0xb95 D:\EE2028workspace1\Lib_MCU\Debug\libLib_MCU.a(lpc17xx_gpio.o)
 .debug_info    0x00004ba8      0xcc3 D:\EE2028workspace1\Lib_MCU\Debug\libLib_MCU.a(lpc17xx_i2c.o)
 .debug_info    0x0000586b       0xcd D:\EE2028workspace1\Lib_MCU\Debug\libLib_MCU.a(lpc17xx_libcfg_default.o)
 .debug_info    0x00005938      0x4b1 D:\EE2028workspace1\Lib_MCU\Debug\libLib_MCU.a(lpc17xx_pinsel.o)
 .debug_info    0x00005de9      0x867 D:\EE2028workspace1\Lib_MCU\Debug\libLib_MCU.a(lpc17xx_ssp.o)
 .debug_info    0x00006650     0x14df D:\EE2028workspace1\Lib_MCU\Debug\libLib_MCU.a(lpc17xx_uart.o)
 .debug_info    0x00007b2f      0x641 D:\EE2028workspace1\Lib_MCU\Debug\libLib_MCU.a(lpc17xx_clkpwr.o)
 .debug_info    0x00008170      0x106 c:/nxp/lpcxpresso_6.1.4_194/lpcxpresso/tools/bin/../lib/gcc/arm-none-eabi/4.6.2/../../../../arm-none-eabi/lib/armv7-m\libcr_newlib_semihost.a(_cr_sbrk.o)
 .debug_info    0x00008276       0xb5 c:/nxp/lpcxpresso_6.1.4_194/lpcxpresso/tools/bin/../lib/gcc/arm-none-eabi/4.6.2/../../../../arm-none-eabi/lib/armv7-m\libcr_newlib_semihost.a(_cr_check_heap.o)

.debug_abbrev   0x00000000     0x199d
 .debug_abbrev  0x00000000       0xb4 ./src/cr_startup_lpc17.o
 .debug_abbrev  0x000000b4      0x2d3 ./src/main.o
 .debug_abbrev  0x00000387       0xce D:\EE2028workspace1\Lib_CMSISv1p30_LPC17xx\Debug\libCMSISv1p30_LPC17xx.a(system_LPC17xx.o)
 .debug_abbrev  0x00000455      0x191 D:\EE2028workspace1\Lib_EaBaseBoard\Debug\libLib_EaBaseBoard.a(acc.o)
 .debug_abbrev  0x000005e6      0x155 D:\EE2028workspace1\Lib_EaBaseBoard\Debug\libLib_EaBaseBoard.a(led7seg.o)
 .debug_abbrev  0x0000073b      0x1bd D:\EE2028workspace1\Lib_EaBaseBoard\Debug\libLib_EaBaseBoard.a(light.o)
 .debug_abbrev  0x000008f8      0x1f1 D:\EE2028workspace1\Lib_EaBaseBoard\Debug\libLib_EaBaseBoard.a(oled.o)
 .debug_abbrev  0x00000ae9      0x1aa D:\EE2028workspace1\Lib_EaBaseBoard\Debug\libLib_EaBaseBoard.a(pca9532.o)
 .debug_abbrev  0x00000c93       0xc2 D:\EE2028workspace1\Lib_EaBaseBoard\Debug\libLib_EaBaseBoard.a(temp.o)
 .debug_abbrev  0x00000d55       0x4b D:\EE2028workspace1\Lib_EaBaseBoard\Debug\libLib_EaBaseBoard.a(font5x7.o)
 .debug_abbrev  0x00000da0      0x185 D:\EE2028workspace1\Lib_MCU\Debug\libLib_MCU.a(lpc17xx_gpio.o)
 .debug_abbrev  0x00000f25      0x24a D:\EE2028workspace1\Lib_MCU\Debug\libLib_MCU.a(lpc17xx_i2c.o)
 .debug_abbrev  0x0000116f       0x6a D:\EE2028workspace1\Lib_MCU\Debug\libLib_MCU.a(lpc17xx_libcfg_default.o)
 .debug_abbrev  0x000011d9      0x10a D:\EE2028workspace1\Lib_MCU\Debug\libLib_MCU.a(lpc17xx_pinsel.o)
 .debug_abbrev  0x000012e3      0x1d3 D:\EE2028workspace1\Lib_MCU\Debug\libLib_MCU.a(lpc17xx_ssp.o)
 .debug_abbrev  0x000014b6      0x259 D:\EE2028workspace1\Lib_MCU\Debug\libLib_MCU.a(lpc17xx_uart.o)
 .debug_abbrev  0x0000170f      0x174 D:\EE2028workspace1\Lib_MCU\Debug\libLib_MCU.a(lpc17xx_clkpwr.o)
 .debug_abbrev  0x00001883       0xa8 c:/nxp/lpcxpresso_6.1.4_194/lpcxpresso/tools/bin/../lib/gcc/arm-none-eabi/4.6.2/../../../../arm-none-eabi/lib/armv7-m\libcr_newlib_semihost.a(_cr_sbrk.o)
 .debug_abbrev  0x0000192b       0x72 c:/nxp/lpcxpresso_6.1.4_194/lpcxpresso/tools/bin/../lib/gcc/arm-none-eabi/4.6.2/../../../../arm-none-eabi/lib/armv7-m\libcr_newlib_semihost.a(_cr_check_heap.o)

.debug_loc      0x00000000     0x2ef0
 .debug_loc     0x00000000      0x1f0 ./src/cr_startup_lpc17.o
 .debug_loc     0x000001f0      0x6b6 ./src/main.o
 .debug_loc     0x000008a6       0x58 D:\EE2028workspace1\Lib_CMSISv1p30_LPC17xx\Debug\libCMSISv1p30_LPC17xx.a(system_LPC17xx.o)
 .debug_loc     0x000008fe      0x260 D:\EE2028workspace1\Lib_EaBaseBoard\Debug\libLib_EaBaseBoard.a(acc.o)
 .debug_loc     0x00000b5e       0x64 D:\EE2028workspace1\Lib_EaBaseBoard\Debug\libLib_EaBaseBoard.a(led7seg.o)
 .debug_loc     0x00000bc2      0x378 D:\EE2028workspace1\Lib_EaBaseBoard\Debug\libLib_EaBaseBoard.a(light.o)
 .debug_loc     0x00000f3a      0x33e D:\EE2028workspace1\Lib_EaBaseBoard\Debug\libLib_EaBaseBoard.a(oled.o)
 .debug_loc     0x00001278      0x2d0 D:\EE2028workspace1\Lib_EaBaseBoard\Debug\libLib_EaBaseBoard.a(pca9532.o)
 .debug_loc     0x00001548       0x70 D:\EE2028workspace1\Lib_EaBaseBoard\Debug\libLib_EaBaseBoard.a(temp.o)
 .debug_loc     0x000015b8      0x4d0 D:\EE2028workspace1\Lib_MCU\Debug\libLib_MCU.a(lpc17xx_gpio.o)
 .debug_loc     0x00001a88      0x4e4 D:\EE2028workspace1\Lib_MCU\Debug\libLib_MCU.a(lpc17xx_i2c.o)
 .debug_loc     0x00001f6c       0x38 D:\EE2028workspace1\Lib_MCU\Debug\libLib_MCU.a(lpc17xx_libcfg_default.o)
 .debug_loc     0x00001fa4      0x150 D:\EE2028workspace1\Lib_MCU\Debug\libLib_MCU.a(lpc17xx_pinsel.o)
 .debug_loc     0x000020f4      0x448 D:\EE2028workspace1\Lib_MCU\Debug\libLib_MCU.a(lpc17xx_ssp.o)
 .debug_loc     0x0000253c      0x77a D:\EE2028workspace1\Lib_MCU\Debug\libLib_MCU.a(lpc17xx_uart.o)
 .debug_loc     0x00002cb6      0x1bc D:\EE2028workspace1\Lib_MCU\Debug\libLib_MCU.a(lpc17xx_clkpwr.o)
 .debug_loc     0x00002e72       0x55 c:/nxp/lpcxpresso_6.1.4_194/lpcxpresso/tools/bin/../lib/gcc/arm-none-eabi/4.6.2/../../../../arm-none-eabi/lib/armv7-m\libcr_newlib_semihost.a(_cr_sbrk.o)
 .debug_loc     0x00002ec7       0x29 c:/nxp/lpcxpresso_6.1.4_194/lpcxpresso/tools/bin/../lib/gcc/arm-none-eabi/4.6.2/../../../../arm-none-eabi/lib/armv7-m\libcr_newlib_semihost.a(_cr_check_heap.o)

.debug_aranges  0x00000000      0x8a8
 .debug_aranges
                0x00000000       0x70 ./src/cr_startup_lpc17.o
 .debug_aranges
                0x00000070      0x120 ./src/main.o
 .debug_aranges
                0x00000190       0x28 D:\EE2028workspace1\Lib_CMSISv1p30_LPC17xx\Debug\libCMSISv1p30_LPC17xx.a(system_LPC17xx.o)
 .debug_aranges
                0x000001b8       0x70 D:\EE2028workspace1\Lib_EaBaseBoard\Debug\libLib_EaBaseBoard.a(acc.o)
 .debug_aranges
                0x00000228       0x28 D:\EE2028workspace1\Lib_EaBaseBoard\Debug\libLib_EaBaseBoard.a(led7seg.o)
 .debug_aranges
                0x00000250       0x98 D:\EE2028workspace1\Lib_EaBaseBoard\Debug\libLib_EaBaseBoard.a(light.o)
 .debug_aranges
                0x000002e8       0x90 D:\EE2028workspace1\Lib_EaBaseBoard\Debug\libLib_EaBaseBoard.a(oled.o)
 .debug_aranges
                0x00000378       0x80 D:\EE2028workspace1\Lib_EaBaseBoard\Debug\libLib_EaBaseBoard.a(pca9532.o)
 .debug_aranges
                0x000003f8       0x28 D:\EE2028workspace1\Lib_EaBaseBoard\Debug\libLib_EaBaseBoard.a(temp.o)
 .debug_aranges
                0x00000420       0xc8 D:\EE2028workspace1\Lib_MCU\Debug\libLib_MCU.a(lpc17xx_gpio.o)
 .debug_aranges
                0x000004e8       0xd0 D:\EE2028workspace1\Lib_MCU\Debug\libLib_MCU.a(lpc17xx_i2c.o)
 .debug_aranges
                0x000005b8       0x20 D:\EE2028workspace1\Lib_MCU\Debug\libLib_MCU.a(lpc17xx_libcfg_default.o)
 .debug_aranges
                0x000005d8       0x48 D:\EE2028workspace1\Lib_MCU\Debug\libLib_MCU.a(lpc17xx_pinsel.o)
 .debug_aranges
                0x00000620       0xb8 D:\EE2028workspace1\Lib_MCU\Debug\libLib_MCU.a(lpc17xx_ssp.o)
 .debug_aranges
                0x000006d8      0x130 D:\EE2028workspace1\Lib_MCU\Debug\libLib_MCU.a(lpc17xx_uart.o)
 .debug_aranges
                0x00000808       0x60 D:\EE2028workspace1\Lib_MCU\Debug\libLib_MCU.a(lpc17xx_clkpwr.o)
 .debug_aranges
                0x00000868       0x20 c:/nxp/lpcxpresso_6.1.4_194/lpcxpresso/tools/bin/../lib/gcc/arm-none-eabi/4.6.2/../../../../arm-none-eabi/lib/armv7-m\libcr_newlib_semihost.a(_cr_sbrk.o)
 .debug_aranges
                0x00000888       0x20 c:/nxp/lpcxpresso_6.1.4_194/lpcxpresso/tools/bin/../lib/gcc/arm-none-eabi/4.6.2/../../../../arm-none-eabi/lib/armv7-m\libcr_newlib_semihost.a(_cr_check_heap.o)

.debug_ranges   0x00000000      0x788
 .debug_ranges  0x00000000       0x60 ./src/cr_startup_lpc17.o
 .debug_ranges  0x00000060      0x110 ./src/main.o
 .debug_ranges  0x00000170       0x18 D:\EE2028workspace1\Lib_CMSISv1p30_LPC17xx\Debug\libCMSISv1p30_LPC17xx.a(system_LPC17xx.o)
 .debug_ranges  0x00000188       0x60 D:\EE2028workspace1\Lib_EaBaseBoard\Debug\libLib_EaBaseBoard.a(acc.o)
 .debug_ranges  0x000001e8       0x18 D:\EE2028workspace1\Lib_EaBaseBoard\Debug\libLib_EaBaseBoard.a(led7seg.o)
 .debug_ranges  0x00000200       0x88 D:\EE2028workspace1\Lib_EaBaseBoard\Debug\libLib_EaBaseBoard.a(light.o)
 .debug_ranges  0x00000288       0x80 D:\EE2028workspace1\Lib_EaBaseBoard\Debug\libLib_EaBaseBoard.a(oled.o)
 .debug_ranges  0x00000308       0x70 D:\EE2028workspace1\Lib_EaBaseBoard\Debug\libLib_EaBaseBoard.a(pca9532.o)
 .debug_ranges  0x00000378       0x18 D:\EE2028workspace1\Lib_EaBaseBoard\Debug\libLib_EaBaseBoard.a(temp.o)
 .debug_ranges  0x00000390       0xb8 D:\EE2028workspace1\Lib_MCU\Debug\libLib_MCU.a(lpc17xx_gpio.o)
 .debug_ranges  0x00000448       0xc0 D:\EE2028workspace1\Lib_MCU\Debug\libLib_MCU.a(lpc17xx_i2c.o)
 .debug_ranges  0x00000508       0x10 D:\EE2028workspace1\Lib_MCU\Debug\libLib_MCU.a(lpc17xx_libcfg_default.o)
 .debug_ranges  0x00000518       0x38 D:\EE2028workspace1\Lib_MCU\Debug\libLib_MCU.a(lpc17xx_pinsel.o)
 .debug_ranges  0x00000550       0xa8 D:\EE2028workspace1\Lib_MCU\Debug\libLib_MCU.a(lpc17xx_ssp.o)
 .debug_ranges  0x000005f8      0x120 D:\EE2028workspace1\Lib_MCU\Debug\libLib_MCU.a(lpc17xx_uart.o)
 .debug_ranges  0x00000718       0x50 D:\EE2028workspace1\Lib_MCU\Debug\libLib_MCU.a(lpc17xx_clkpwr.o)
 .debug_ranges  0x00000768       0x10 c:/nxp/lpcxpresso_6.1.4_194/lpcxpresso/tools/bin/../lib/gcc/arm-none-eabi/4.6.2/../../../../arm-none-eabi/lib/armv7-m\libcr_newlib_semihost.a(_cr_sbrk.o)
 .debug_ranges  0x00000778       0x10 c:/nxp/lpcxpresso_6.1.4_194/lpcxpresso/tools/bin/../lib/gcc/arm-none-eabi/4.6.2/../../../../arm-none-eabi/lib/armv7-m\libcr_newlib_semihost.a(_cr_check_heap.o)

.debug_line     0x00000000     0x60aa
 .debug_line    0x00000000      0x34f ./src/cr_startup_lpc17.o
 .debug_line    0x0000034f      0xba1 ./src/main.o
 .debug_line    0x00000ef0      0x3ee D:\EE2028workspace1\Lib_CMSISv1p30_LPC17xx\Debug\libCMSISv1p30_LPC17xx.a(system_LPC17xx.o)
 .debug_line    0x000012de      0x4d1 D:\EE2028workspace1\Lib_EaBaseBoard\Debug\libLib_EaBaseBoard.a(acc.o)
 .debug_line    0x000017af      0x412 D:\EE2028workspace1\Lib_EaBaseBoard\Debug\libLib_EaBaseBoard.a(led7seg.o)
 .debug_line    0x00001bc1      0x543 D:\EE2028workspace1\Lib_EaBaseBoard\Debug\libLib_EaBaseBoard.a(light.o)
 .debug_line    0x00002104      0x71c D:\EE2028workspace1\Lib_EaBaseBoard\Debug\libLib_EaBaseBoard.a(oled.o)
 .debug_line    0x00002820      0x52e D:\EE2028workspace1\Lib_EaBaseBoard\Debug\libLib_EaBaseBoard.a(pca9532.o)
 .debug_line    0x00002d4e      0x410 D:\EE2028workspace1\Lib_EaBaseBoard\Debug\libLib_EaBaseBoard.a(temp.o)
 .debug_line    0x0000315e       0x69 D:\EE2028workspace1\Lib_EaBaseBoard\Debug\libLib_EaBaseBoard.a(font5x7.o)
 .debug_line    0x000031c7      0x5ac D:\EE2028workspace1\Lib_MCU\Debug\libLib_MCU.a(lpc17xx_gpio.o)
 .debug_line    0x00003773      0x8c7 D:\EE2028workspace1\Lib_MCU\Debug\libLib_MCU.a(lpc17xx_i2c.o)
 .debug_line    0x0000403a      0x365 D:\EE2028workspace1\Lib_MCU\Debug\libLib_MCU.a(lpc17xx_libcfg_default.o)
 .debug_line    0x0000439f      0x42b D:\EE2028workspace1\Lib_MCU\Debug\libLib_MCU.a(lpc17xx_pinsel.o)
 .debug_line    0x000047ca      0x7fa D:\EE2028workspace1\Lib_MCU\Debug\libLib_MCU.a(lpc17xx_ssp.o)
 .debug_line    0x00004fc4      0xb46 D:\EE2028workspace1\Lib_MCU\Debug\libLib_MCU.a(lpc17xx_uart.o)
 .debug_line    0x00005b0a      0x48c D:\EE2028workspace1\Lib_MCU\Debug\libLib_MCU.a(lpc17xx_clkpwr.o)
 .debug_line    0x00005f96       0xc0 c:/nxp/lpcxpresso_6.1.4_194/lpcxpresso/tools/bin/../lib/gcc/arm-none-eabi/4.6.2/../../../../arm-none-eabi/lib/armv7-m\libcr_newlib_semihost.a(_cr_sbrk.o)
 .debug_line    0x00006056       0x54 c:/nxp/lpcxpresso_6.1.4_194/lpcxpresso/tools/bin/../lib/gcc/arm-none-eabi/4.6.2/../../../../arm-none-eabi/lib/armv7-m\libcr_newlib_semihost.a(_cr_check_heap.o)

.debug_macinfo  0x00000000    0x92149
 .debug_macinfo
                0x00000000     0x2c15 ./src/cr_startup_lpc17.o
 .debug_macinfo
                0x00002c15     0xf120 ./src/main.o
 .debug_macinfo
                0x00011d35     0x83f8 D:\EE2028workspace1\Lib_CMSISv1p30_LPC17xx\Debug\libCMSISv1p30_LPC17xx.a(system_LPC17xx.o)
 .debug_macinfo
                0x0001a12d     0x8f1b D:\EE2028workspace1\Lib_EaBaseBoard\Debug\libLib_EaBaseBoard.a(acc.o)
 .debug_macinfo
                0x00023048     0x96a3 D:\EE2028workspace1\Lib_EaBaseBoard\Debug\libLib_EaBaseBoard.a(led7seg.o)
 .debug_macinfo
                0x0002c6eb     0x8e3a D:\EE2028workspace1\Lib_EaBaseBoard\Debug\libLib_EaBaseBoard.a(light.o)
 .debug_macinfo
                0x00035525     0xa143 D:\EE2028workspace1\Lib_EaBaseBoard\Debug\libLib_EaBaseBoard.a(oled.o)
 .debug_macinfo
                0x0003f668     0x8e59 D:\EE2028workspace1\Lib_EaBaseBoard\Debug\libLib_EaBaseBoard.a(pca9532.o)
 .debug_macinfo
                0x000484c1     0x85e6 D:\EE2028workspace1\Lib_EaBaseBoard\Debug\libLib_EaBaseBoard.a(temp.o)
 .debug_macinfo
                0x00050aa7     0x332a D:\EE2028workspace1\Lib_EaBaseBoard\Debug\libLib_EaBaseBoard.a(font5x7.o)
 .debug_macinfo
                0x00053dd1     0x86b8 D:\EE2028workspace1\Lib_MCU\Debug\libLib_MCU.a(lpc17xx_gpio.o)
 .debug_macinfo
                0x0005c489     0xa5d8 D:\EE2028workspace1\Lib_MCU\Debug\libLib_MCU.a(lpc17xx_i2c.o)
 .debug_macinfo
                0x00066a61     0x400d D:\EE2028workspace1\Lib_MCU\Debug\libLib_MCU.a(lpc17xx_libcfg_default.o)
 .debug_macinfo
                0x0006aa6e     0x87d3 D:\EE2028workspace1\Lib_MCU\Debug\libLib_MCU.a(lpc17xx_pinsel.o)
 .debug_macinfo
                0x00073241     0xa8d0 D:\EE2028workspace1\Lib_MCU\Debug\libLib_MCU.a(lpc17xx_ssp.o)
 .debug_macinfo
                0x0007db11     0xb03f D:\EE2028workspace1\Lib_MCU\Debug\libLib_MCU.a(lpc17xx_uart.o)
 .debug_macinfo
                0x00088b50     0x95f9 D:\EE2028workspace1\Lib_MCU\Debug\libLib_MCU.a(lpc17xx_clkpwr.o)

.debug_str      0x00000000     0x2aff
 .debug_str     0x00000000      0x1aa ./src/cr_startup_lpc17.o
                                0x1e4 (size before relaxing)
 .debug_str     0x000001aa      0xbee ./src/main.o
                                0xd37 (size before relaxing)
 .debug_str     0x00000d98       0x6a D:\EE2028workspace1\Lib_CMSISv1p30_LPC17xx\Debug\libCMSISv1p30_LPC17xx.a(system_LPC17xx.o)
                                0x283 (size before relaxing)
 .debug_str     0x00000e02      0x216 D:\EE2028workspace1\Lib_EaBaseBoard\Debug\libLib_EaBaseBoard.a(acc.o)
                                0x395 (size before relaxing)
 .debug_str     0x00001018       0x95 D:\EE2028workspace1\Lib_EaBaseBoard\Debug\libLib_EaBaseBoard.a(led7seg.o)
                                0x1eb (size before relaxing)
 .debug_str     0x000010ad      0x204 D:\EE2028workspace1\Lib_EaBaseBoard\Debug\libLib_EaBaseBoard.a(light.o)
                                0x4e4 (size before relaxing)
 .debug_str     0x000012b1      0x1a9 D:\EE2028workspace1\Lib_EaBaseBoard\Debug\libLib_EaBaseBoard.a(oled.o)
                                0x39c (size before relaxing)
 .debug_str     0x0000145a      0x136 D:\EE2028workspace1\Lib_EaBaseBoard\Debug\libLib_EaBaseBoard.a(pca9532.o)
                                0x3d6 (size before relaxing)
 .debug_str     0x00001590       0x33 D:\EE2028workspace1\Lib_EaBaseBoard\Debug\libLib_EaBaseBoard.a(temp.o)
                                0x153 (size before relaxing)
 .debug_str     0x000015c3       0x11 D:\EE2028workspace1\Lib_EaBaseBoard\Debug\libLib_EaBaseBoard.a(font5x7.o)
                                 0xa7 (size before relaxing)
 .debug_str     0x000015d4      0x360 D:\EE2028workspace1\Lib_MCU\Debug\libLib_MCU.a(lpc17xx_gpio.o)
                                0x458 (size before relaxing)
 .debug_str     0x00001934      0x2f9 D:\EE2028workspace1\Lib_MCU\Debug\libLib_MCU.a(lpc17xx_i2c.o)
                                0x7ee (size before relaxing)
 .debug_str     0x00001c2d       0x32 D:\EE2028workspace1\Lib_MCU\Debug\libLib_MCU.a(lpc17xx_libcfg_default.o)
                                0x131 (size before relaxing)
 .debug_str     0x00001c5f      0x214 D:\EE2028workspace1\Lib_MCU\Debug\libLib_MCU.a(lpc17xx_pinsel.o)
                                0x38d (size before relaxing)
 .debug_str     0x00001e73      0x209 D:\EE2028workspace1\Lib_MCU\Debug\libLib_MCU.a(lpc17xx_ssp.o)
                                0x46b (size before relaxing)
 .debug_str     0x0000207c      0x8b7 D:\EE2028workspace1\Lib_MCU\Debug\libLib_MCU.a(lpc17xx_uart.o)
                                0xc41 (size before relaxing)
 .debug_str     0x00002933       0xcb D:\EE2028workspace1\Lib_MCU\Debug\libLib_MCU.a(lpc17xx_clkpwr.o)
                                0x389 (size before relaxing)
 .debug_str     0x000029fe       0xbc c:/nxp/lpcxpresso_6.1.4_194/lpcxpresso/tools/bin/../lib/gcc/arm-none-eabi/4.6.2/../../../../arm-none-eabi/lib/armv7-m\libcr_newlib_semihost.a(_cr_sbrk.o)
                                0x145 (size before relaxing)
 .debug_str     0x00002aba       0x45 c:/nxp/lpcxpresso_6.1.4_194/lpcxpresso/tools/bin/../lib/gcc/arm-none-eabi/4.6.2/../../../../arm-none-eabi/lib/armv7-m\libcr_newlib_semihost.a(_cr_check_heap.o)
                                 0xd1 (size before relaxing)

.comment        0x00000000       0x9a
 .comment       0x00000000       0x70 ./src/cr_startup_lpc17.o
                                 0x71 (size before relaxing)
 .comment       0x00000000       0x71 ./src/main.o
 .comment       0x00000000       0x71 D:\EE2028workspace1\Lib_CMSISv1p30_LPC17xx\Debug\libCMSISv1p30_LPC17xx.a(system_LPC17xx.o)
 .comment       0x00000000       0x71 D:\EE2028workspace1\Lib_EaBaseBoard\Debug\libLib_EaBaseBoard.a(acc.o)
 .comment       0x00000000       0x71 D:\EE2028workspace1\Lib_EaBaseBoard\Debug\libLib_EaBaseBoard.a(led7seg.o)
 .comment       0x00000000       0x71 D:\EE2028workspace1\Lib_EaBaseBoard\Debug\libLib_EaBaseBoard.a(light.o)
 .comment       0x00000000       0x71 D:\EE2028workspace1\Lib_EaBaseBoard\Debug\libLib_EaBaseBoard.a(oled.o)
 .comment       0x00000000       0x71 D:\EE2028workspace1\Lib_EaBaseBoard\Debug\libLib_EaBaseBoard.a(pca9532.o)
 .comment       0x00000000       0x71 D:\EE2028workspace1\Lib_EaBaseBoard\Debug\libLib_EaBaseBoard.a(temp.o)
 .comment       0x00000000       0x71 D:\EE2028workspace1\Lib_EaBaseBoard\Debug\libLib_EaBaseBoard.a(font5x7.o)
 .comment       0x00000000       0x71 D:\EE2028workspace1\Lib_MCU\Debug\libLib_MCU.a(lpc17xx_gpio.o)
 .comment       0x00000000       0x71 D:\EE2028workspace1\Lib_MCU\Debug\libLib_MCU.a(lpc17xx_i2c.o)
 .comment       0x00000000       0x71 D:\EE2028workspace1\Lib_MCU\Debug\libLib_MCU.a(lpc17xx_libcfg_default.o)
 .comment       0x00000000       0x71 D:\EE2028workspace1\Lib_MCU\Debug\libLib_MCU.a(lpc17xx_pinsel.o)
 .comment       0x00000000       0x71 D:\EE2028workspace1\Lib_MCU\Debug\libLib_MCU.a(lpc17xx_ssp.o)
 .comment       0x00000000       0x71 D:\EE2028workspace1\Lib_MCU\Debug\libLib_MCU.a(lpc17xx_uart.o)
 .comment       0x00000000       0x71 D:\EE2028workspace1\Lib_MCU\Debug\libLib_MCU.a(lpc17xx_clkpwr.o)
 .comment       0x00000070       0x2a c:/nxp/lpcxpresso_6.1.4_194/lpcxpresso/tools/bin/../lib/gcc/arm-none-eabi/4.6.2/../../../../arm-none-eabi/lib/armv7-m\libcr_newlib_semihost.a(_cr_sbrk.o)
                                 0x2b (size before relaxing)
 .comment       0x00000000       0x2b c:/nxp/lpcxpresso_6.1.4_194/lpcxpresso/tools/bin/../lib/gcc/arm-none-eabi/4.6.2/../../../../arm-none-eabi/lib/armv7-m\libcr_newlib_semihost.a(_cr_check_heap.o)

.ARM.attributes
                0x00000000       0x33
 .ARM.attributes
                0x00000000       0x33 ./src/cr_startup_lpc17.o
 .ARM.attributes
                0x00000033       0x33 ./src/main.o
 .ARM.attributes
                0x00000066       0x33 D:\EE2028workspace1\Lib_CMSISv1p30_LPC17xx\Debug\libCMSISv1p30_LPC17xx.a(system_LPC17xx.o)
 .ARM.attributes
                0x00000099       0x33 D:\EE2028workspace1\Lib_EaBaseBoard\Debug\libLib_EaBaseBoard.a(acc.o)
 .ARM.attributes
                0x000000cc       0x33 D:\EE2028workspace1\Lib_EaBaseBoard\Debug\libLib_EaBaseBoard.a(led7seg.o)
 .ARM.attributes
                0x000000ff       0x33 D:\EE2028workspace1\Lib_EaBaseBoard\Debug\libLib_EaBaseBoard.a(light.o)
 .ARM.attributes
                0x00000132       0x33 D:\EE2028workspace1\Lib_EaBaseBoard\Debug\libLib_EaBaseBoard.a(oled.o)
 .ARM.attributes
                0x00000165       0x33 D:\EE2028workspace1\Lib_EaBaseBoard\Debug\libLib_EaBaseBoard.a(pca9532.o)
 .ARM.attributes
                0x00000198       0x33 D:\EE2028workspace1\Lib_EaBaseBoard\Debug\libLib_EaBaseBoard.a(temp.o)
 .ARM.attributes
                0x000001cb       0x33 D:\EE2028workspace1\Lib_EaBaseBoard\Debug\libLib_EaBaseBoard.a(font5x7.o)
 .ARM.attributes
                0x000001fe       0x33 D:\EE2028workspace1\Lib_MCU\Debug\libLib_MCU.a(lpc17xx_gpio.o)
 .ARM.attributes
                0x00000231       0x33 D:\EE2028workspace1\Lib_MCU\Debug\libLib_MCU.a(lpc17xx_i2c.o)
 .ARM.attributes
                0x00000264       0x33 D:\EE2028workspace1\Lib_MCU\Debug\libLib_MCU.a(lpc17xx_libcfg_default.o)
 .ARM.attributes
                0x00000297       0x33 D:\EE2028workspace1\Lib_MCU\Debug\libLib_MCU.a(lpc17xx_pinsel.o)
 .ARM.attributes
                0x000002ca       0x33 D:\EE2028workspace1\Lib_MCU\Debug\libLib_MCU.a(lpc17xx_ssp.o)
 .ARM.attributes
                0x000002fd       0x33 D:\EE2028workspace1\Lib_MCU\Debug\libLib_MCU.a(lpc17xx_uart.o)
 .ARM.attributes
                0x00000330       0x33 D:\EE2028workspace1\Lib_MCU\Debug\libLib_MCU.a(lpc17xx_clkpwr.o)
 .ARM.attributes
                0x00000363       0x1d c:/nxp/lpcxpresso_6.1.4_194/lpcxpresso/tools/bin/../lib/gcc/arm-none-eabi/4.6.2/armv7-m\libgcc.a(_arm_addsubdf3.o)
 .ARM.attributes
                0x00000380       0x1d c:/nxp/lpcxpresso_6.1.4_194/lpcxpresso/tools/bin/../lib/gcc/arm-none-eabi/4.6.2/armv7-m\libgcc.a(_arm_muldivdf3.o)
 .ARM.attributes
                0x0000039d       0x1d c:/nxp/lpcxpresso_6.1.4_194/lpcxpresso/tools/bin/../lib/gcc/arm-none-eabi/4.6.2/armv7-m\libgcc.a(_arm_fixdfsi.o)
 .ARM.attributes
                0x000003ba       0x1d c:/nxp/lpcxpresso_6.1.4_194/lpcxpresso/tools/bin/../lib/gcc/arm-none-eabi/4.6.2/armv7-m\libgcc.a(_arm_truncdfsf2.o)
 .ARM.attributes
                0x000003d7       0x1d c:/nxp/lpcxpresso_6.1.4_194/lpcxpresso/tools/bin/../lib/gcc/arm-none-eabi/4.6.2/armv7-m\libgcc.a(_arm_addsubsf3.o)
 .ARM.attributes
                0x000003f4       0x1d c:/nxp/lpcxpresso_6.1.4_194/lpcxpresso/tools/bin/../lib/gcc/arm-none-eabi/4.6.2/armv7-m\libgcc.a(_arm_muldivsf3.o)
 .ARM.attributes
                0x00000411       0x1d c:/nxp/lpcxpresso_6.1.4_194/lpcxpresso/tools/bin/../lib/gcc/arm-none-eabi/4.6.2/armv7-m\libgcc.a(_arm_cmpsf2.o)
 .ARM.attributes
                0x0000042e       0x1d c:/nxp/lpcxpresso_6.1.4_194/lpcxpresso/tools/bin/../lib/gcc/arm-none-eabi/4.6.2/armv7-m\libgcc.a(_aeabi_uldivmod.o)
 .ARM.attributes
                0x0000044b       0x2d c:/nxp/lpcxpresso_6.1.4_194/lpcxpresso/tools/bin/../lib/gcc/arm-none-eabi/4.6.2/armv7-m\libgcc.a(bpabi.o)
 .ARM.attributes
                0x00000478       0x1d c:/nxp/lpcxpresso_6.1.4_194/lpcxpresso/tools/bin/../lib/gcc/arm-none-eabi/4.6.2/armv7-m\libgcc.a(_dvmd_tls.o)
 .ARM.attributes
                0x00000495       0x2d c:/nxp/lpcxpresso_6.1.4_194/lpcxpresso/tools/bin/../lib/gcc/arm-none-eabi/4.6.2/armv7-m\libgcc.a(_divdi3.o)
 .ARM.attributes
                0x000004c2       0x2d c:/nxp/lpcxpresso_6.1.4_194/lpcxpresso/tools/bin/../lib/gcc/arm-none-eabi/4.6.2/armv7-m\libgcc.a(_udivdi3.o)
 .ARM.attributes
                0x000004ef       0x2d c:/nxp/lpcxpresso_6.1.4_194/lpcxpresso/tools/bin/../lib/gcc/arm-none-eabi/4.6.2/../../../../arm-none-eabi/lib/armv7-m\libc.a(lib_a-memset.o)
 .ARM.attributes
                0x0000051c       0x2d c:/nxp/lpcxpresso_6.1.4_194/lpcxpresso/tools/bin/../lib/gcc/arm-none-eabi/4.6.2/../../../../arm-none-eabi/lib/armv7-m\libc.a(lib_a-sprintf.o)
 .ARM.attributes
                0x00000549       0x2d c:/nxp/lpcxpresso_6.1.4_194/lpcxpresso/tools/bin/../lib/gcc/arm-none-eabi/4.6.2/../../../../arm-none-eabi/lib/armv7-m\libc.a(lib_a-strlen.o)
 .ARM.attributes
                0x00000576       0x2d c:/nxp/lpcxpresso_6.1.4_194/lpcxpresso/tools/bin/../lib/gcc/arm-none-eabi/4.6.2/../../../../arm-none-eabi/lib/armv7-m\libc.a(lib_a-strtok.o)
 .ARM.attributes
                0x000005a3       0x2d c:/nxp/lpcxpresso_6.1.4_194/lpcxpresso/tools/bin/../lib/gcc/arm-none-eabi/4.6.2/../../../../arm-none-eabi/lib/armv7-m\libc.a(lib_a-strtok_r.o)
 .ARM.attributes
                0x000005d0       0x2d c:/nxp/lpcxpresso_6.1.4_194/lpcxpresso/tools/bin/../lib/gcc/arm-none-eabi/4.6.2/../../../../arm-none-eabi/lib/armv7-m\libc.a(lib_a-svfprintf.o)
 .ARM.attributes
                0x000005fd       0x2d c:/nxp/lpcxpresso_6.1.4_194/lpcxpresso/tools/bin/../lib/gcc/arm-none-eabi/4.6.2/../../../../arm-none-eabi/lib/armv7-m\libc.a(lib_a-dtoa.o)
 .ARM.attributes
                0x0000062a       0x2d c:/nxp/lpcxpresso_6.1.4_194/lpcxpresso/tools/bin/../lib/gcc/arm-none-eabi/4.6.2/../../../../arm-none-eabi/lib/armv7-m\libc.a(lib_a-impure.o)
 .ARM.attributes
                0x00000657       0x2d c:/nxp/lpcxpresso_6.1.4_194/lpcxpresso/tools/bin/../lib/gcc/arm-none-eabi/4.6.2/../../../../arm-none-eabi/lib/armv7-m\libc.a(lib_a-locale.o)
 .ARM.attributes
                0x00000684       0x2d c:/nxp/lpcxpresso_6.1.4_194/lpcxpresso/tools/bin/../lib/gcc/arm-none-eabi/4.6.2/../../../../arm-none-eabi/lib/armv7-m\libc.a(lib_a-mallocr.o)
 .ARM.attributes
                0x000006b1       0x2d c:/nxp/lpcxpresso_6.1.4_194/lpcxpresso/tools/bin/../lib/gcc/arm-none-eabi/4.6.2/../../../../arm-none-eabi/lib/armv7-m\libc.a(lib_a-memchr.o)
 .ARM.attributes
                0x000006de       0x2d c:/nxp/lpcxpresso_6.1.4_194/lpcxpresso/tools/bin/../lib/gcc/arm-none-eabi/4.6.2/../../../../arm-none-eabi/lib/armv7-m\libc.a(lib_a-memcpy.o)
 .ARM.attributes
                0x0000070b       0x2d c:/nxp/lpcxpresso_6.1.4_194/lpcxpresso/tools/bin/../lib/gcc/arm-none-eabi/4.6.2/../../../../arm-none-eabi/lib/armv7-m\libc.a(lib_a-mlock.o)
 .ARM.attributes
                0x00000738       0x2d c:/nxp/lpcxpresso_6.1.4_194/lpcxpresso/tools/bin/../lib/gcc/arm-none-eabi/4.6.2/../../../../arm-none-eabi/lib/armv7-m\libc.a(lib_a-mprec.o)
 .ARM.attributes
                0x00000765       0x2d c:/nxp/lpcxpresso_6.1.4_194/lpcxpresso/tools/bin/../lib/gcc/arm-none-eabi/4.6.2/../../../../arm-none-eabi/lib/armv7-m\libc.a(lib_a-s_fpclassify.o)
 .ARM.attributes
                0x00000792       0x2d c:/nxp/lpcxpresso_6.1.4_194/lpcxpresso/tools/bin/../lib/gcc/arm-none-eabi/4.6.2/../../../../arm-none-eabi/lib/armv7-m\libc.a(lib_a-sbrkr.o)
 .ARM.attributes
                0x000007bf       0x2d c:/nxp/lpcxpresso_6.1.4_194/lpcxpresso/tools/bin/../lib/gcc/arm-none-eabi/4.6.2/../../../../arm-none-eabi/lib/armv7-m\libc.a(lib_a-strcmp.o)
 .ARM.attributes
                0x000007ec       0x2d c:/nxp/lpcxpresso_6.1.4_194/lpcxpresso/tools/bin/../lib/gcc/arm-none-eabi/4.6.2/../../../../arm-none-eabi/lib/armv7-m\libc.a(lib_a-svfiprintf.o)
 .ARM.attributes
                0x00000819       0x2d c:/nxp/lpcxpresso_6.1.4_194/lpcxpresso/tools/bin/../lib/gcc/arm-none-eabi/4.6.2/../../../../arm-none-eabi/lib/armv7-m\libc.a(lib_a-callocr.o)
 .ARM.attributes
                0x00000846       0x2d c:/nxp/lpcxpresso_6.1.4_194/lpcxpresso/tools/bin/../lib/gcc/arm-none-eabi/4.6.2/../../../../arm-none-eabi/lib/armv7-m\libc.a(lib_a-freer.o)
 .ARM.attributes
                0x00000873       0x2d c:/nxp/lpcxpresso_6.1.4_194/lpcxpresso/tools/bin/../lib/gcc/arm-none-eabi/4.6.2/../../../../arm-none-eabi/lib/armv7-m\libc.a(lib_a-memmove.o)
 .ARM.attributes
                0x000008a0       0x2d c:/nxp/lpcxpresso_6.1.4_194/lpcxpresso/tools/bin/../lib/gcc/arm-none-eabi/4.6.2/../../../../arm-none-eabi/lib/armv7-m\libc.a(lib_a-reallocr.o)
 .ARM.attributes
                0x000008cd       0x2d c:/nxp/lpcxpresso_6.1.4_194/lpcxpresso/tools/bin/../lib/gcc/arm-none-eabi/4.6.2/../../../../arm-none-eabi/lib/armv7-m\libc.a(lib_a-reent.o)
 .ARM.attributes
                0x000008fa       0x2d c:/nxp/lpcxpresso_6.1.4_194/lpcxpresso/tools/bin/../lib/gcc/arm-none-eabi/4.6.2/../../../../arm-none-eabi/lib/armv7-m\libm.a(lib_a-s_round.o)
 .ARM.attributes
                0x00000927       0x2d c:/nxp/lpcxpresso_6.1.4_194/lpcxpresso/tools/bin/../lib/gcc/arm-none-eabi/4.6.2/../../../../arm-none-eabi/lib/armv7-m\libm.a(lib_a-w_sqrt.o)
 .ARM.attributes
                0x00000954       0x2d c:/nxp/lpcxpresso_6.1.4_194/lpcxpresso/tools/bin/../lib/gcc/arm-none-eabi/4.6.2/../../../../arm-none-eabi/lib/armv7-m\libm.a(lib_a-e_sqrt.o)
 .ARM.attributes
                0x00000981       0x2d c:/nxp/lpcxpresso_6.1.4_194/lpcxpresso/tools/bin/../lib/gcc/arm-none-eabi/4.6.2/../../../../arm-none-eabi/lib/armv7-m\libm.a(lib_a-s_lib_ver.o)
 .ARM.attributes
                0x000009ae       0x2d c:/nxp/lpcxpresso_6.1.4_194/lpcxpresso/tools/bin/../lib/gcc/arm-none-eabi/4.6.2/../../../../arm-none-eabi/lib/armv7-m\libm.a(lib_a-s_matherr.o)
 .ARM.attributes
                0x000009db       0x31 c:/nxp/lpcxpresso_6.1.4_194/lpcxpresso/tools/bin/../lib/gcc/arm-none-eabi/4.6.2/../../../../arm-none-eabi/lib/armv7-m\libcr_newlib_semihost.a(_cr_sbrk.o)
 .ARM.attributes
                0x00000a0c       0x31 c:/nxp/lpcxpresso_6.1.4_194/lpcxpresso/tools/bin/../lib/gcc/arm-none-eabi/4.6.2/../../../../arm-none-eabi/lib/armv7-m\libcr_newlib_semihost.a(_cr_check_heap.o)
 .ARM.attributes
                0x00000a3d       0x1d c:/nxp/lpcxpresso_6.1.4_194/lpcxpresso/tools/bin/../lib/gcc/arm-none-eabi/4.6.2/armv7-m\libgcc.a(_arm_cmpdf2.o)
 .ARM.attributes
                0x00000a5a       0x2d c:/nxp/lpcxpresso_6.1.4_194/lpcxpresso/tools/bin/../lib/gcc/arm-none-eabi/4.6.2/../../../../arm-none-eabi/lib/armv7-m\libc.a(lib_a-errno.o)

.debug_frame    0x00000000     0x2484
 .debug_frame   0x00000000      0x120 ./src/cr_startup_lpc17.o
 .debug_frame   0x00000120      0x400 ./src/main.o
 .debug_frame   0x00000520       0x48 D:\EE2028workspace1\Lib_CMSISv1p30_LPC17xx\Debug\libCMSISv1p30_LPC17xx.a(system_LPC17xx.o)
 .debug_frame   0x00000568      0x16c D:\EE2028workspace1\Lib_EaBaseBoard\Debug\libLib_EaBaseBoard.a(acc.o)
 .debug_frame   0x000006d4       0x4c D:\EE2028workspace1\Lib_EaBaseBoard\Debug\libLib_EaBaseBoard.a(led7seg.o)
 .debug_frame   0x00000720      0x208 D:\EE2028workspace1\Lib_EaBaseBoard\Debug\libLib_EaBaseBoard.a(light.o)
 .debug_frame   0x00000928      0x1ec D:\EE2028workspace1\Lib_EaBaseBoard\Debug\libLib_EaBaseBoard.a(oled.o)
 .debug_frame   0x00000b14      0x1a8 D:\EE2028workspace1\Lib_EaBaseBoard\Debug\libLib_EaBaseBoard.a(pca9532.o)
 .debug_frame   0x00000cbc       0x50 D:\EE2028workspace1\Lib_EaBaseBoard\Debug\libLib_EaBaseBoard.a(temp.o)
 .debug_frame   0x00000d0c      0x2c4 D:\EE2028workspace1\Lib_MCU\Debug\libLib_MCU.a(lpc17xx_gpio.o)
 .debug_frame   0x00000fd0      0x2c8 D:\EE2028workspace1\Lib_MCU\Debug\libLib_MCU.a(lpc17xx_i2c.o)
 .debug_frame   0x00001298       0x2c D:\EE2028workspace1\Lib_MCU\Debug\libLib_MCU.a(lpc17xx_libcfg_default.o)
 .debug_frame   0x000012c4       0xbc D:\EE2028workspace1\Lib_MCU\Debug\libLib_MCU.a(lpc17xx_pinsel.o)
 .debug_frame   0x00001380      0x280 D:\EE2028workspace1\Lib_MCU\Debug\libLib_MCU.a(lpc17xx_ssp.o)
 .debug_frame   0x00001600      0x44c D:\EE2028workspace1\Lib_MCU\Debug\libLib_MCU.a(lpc17xx_uart.o)
 .debug_frame   0x00001a4c      0x10c D:\EE2028workspace1\Lib_MCU\Debug\libLib_MCU.a(lpc17xx_clkpwr.o)
 .debug_frame   0x00001b58       0x50 c:/nxp/lpcxpresso_6.1.4_194/lpcxpresso/tools/bin/../lib/gcc/arm-none-eabi/4.6.2/armv7-m\libgcc.a(bpabi.o)
 .debug_frame   0x00001ba8       0x34 c:/nxp/lpcxpresso_6.1.4_194/lpcxpresso/tools/bin/../lib/gcc/arm-none-eabi/4.6.2/armv7-m\libgcc.a(_divdi3.o)
 .debug_frame   0x00001bdc       0x34 c:/nxp/lpcxpresso_6.1.4_194/lpcxpresso/tools/bin/../lib/gcc/arm-none-eabi/4.6.2/armv7-m\libgcc.a(_udivdi3.o)
 .debug_frame   0x00001c10       0x2c c:/nxp/lpcxpresso_6.1.4_194/lpcxpresso/tools/bin/../lib/gcc/arm-none-eabi/4.6.2/../../../../arm-none-eabi/lib/armv7-m\libc.a(lib_a-memset.o)
 .debug_frame   0x00001c3c       0x64 c:/nxp/lpcxpresso_6.1.4_194/lpcxpresso/tools/bin/../lib/gcc/arm-none-eabi/4.6.2/../../../../arm-none-eabi/lib/armv7-m\libc.a(lib_a-sprintf.o)
 .debug_frame   0x00001ca0       0x20 c:/nxp/lpcxpresso_6.1.4_194/lpcxpresso/tools/bin/../lib/gcc/arm-none-eabi/4.6.2/../../../../arm-none-eabi/lib/armv7-m\libc.a(lib_a-strlen.o)
 .debug_frame   0x00001cc0       0x20 c:/nxp/lpcxpresso_6.1.4_194/lpcxpresso/tools/bin/../lib/gcc/arm-none-eabi/4.6.2/../../../../arm-none-eabi/lib/armv7-m\libc.a(lib_a-strtok.o)
 .debug_frame   0x00001ce0       0x3c c:/nxp/lpcxpresso_6.1.4_194/lpcxpresso/tools/bin/../lib/gcc/arm-none-eabi/4.6.2/../../../../arm-none-eabi/lib/armv7-m\libc.a(lib_a-strtok_r.o)
 .debug_frame   0x00001d1c       0x3c c:/nxp/lpcxpresso_6.1.4_194/lpcxpresso/tools/bin/../lib/gcc/arm-none-eabi/4.6.2/../../../../arm-none-eabi/lib/armv7-m\libc.a(lib_a-svfprintf.o)
 .debug_frame   0x00001d58       0x64 c:/nxp/lpcxpresso_6.1.4_194/lpcxpresso/tools/bin/../lib/gcc/arm-none-eabi/4.6.2/../../../../arm-none-eabi/lib/armv7-m\libc.a(lib_a-dtoa.o)
 .debug_frame   0x00001dbc       0x98 c:/nxp/lpcxpresso_6.1.4_194/lpcxpresso/tools/bin/../lib/gcc/arm-none-eabi/4.6.2/../../../../arm-none-eabi/lib/armv7-m\libc.a(lib_a-locale.o)
 .debug_frame   0x00001e54       0x38 c:/nxp/lpcxpresso_6.1.4_194/lpcxpresso/tools/bin/../lib/gcc/arm-none-eabi/4.6.2/../../../../arm-none-eabi/lib/armv7-m\libc.a(lib_a-mallocr.o)
 .debug_frame   0x00001e8c       0x2c c:/nxp/lpcxpresso_6.1.4_194/lpcxpresso/tools/bin/../lib/gcc/arm-none-eabi/4.6.2/../../../../arm-none-eabi/lib/armv7-m\libc.a(lib_a-memchr.o)
 .debug_frame   0x00001eb8       0x2c c:/nxp/lpcxpresso_6.1.4_194/lpcxpresso/tools/bin/../lib/gcc/arm-none-eabi/4.6.2/../../../../arm-none-eabi/lib/armv7-m\libc.a(lib_a-memcpy.o)
 .debug_frame   0x00001ee4       0x30 c:/nxp/lpcxpresso_6.1.4_194/lpcxpresso/tools/bin/../lib/gcc/arm-none-eabi/4.6.2/../../../../arm-none-eabi/lib/armv7-m\libc.a(lib_a-mlock.o)
 .debug_frame   0x00001f14      0x228 c:/nxp/lpcxpresso_6.1.4_194/lpcxpresso/tools/bin/../lib/gcc/arm-none-eabi/4.6.2/../../../../arm-none-eabi/lib/armv7-m\libc.a(lib_a-mprec.o)
 .debug_frame   0x0000213c       0x20 c:/nxp/lpcxpresso_6.1.4_194/lpcxpresso/tools/bin/../lib/gcc/arm-none-eabi/4.6.2/../../../../arm-none-eabi/lib/armv7-m\libc.a(lib_a-s_fpclassify.o)
 .debug_frame   0x0000215c       0x2c c:/nxp/lpcxpresso_6.1.4_194/lpcxpresso/tools/bin/../lib/gcc/arm-none-eabi/4.6.2/../../../../arm-none-eabi/lib/armv7-m\libc.a(lib_a-sbrkr.o)
 .debug_frame   0x00002188       0x30 c:/nxp/lpcxpresso_6.1.4_194/lpcxpresso/tools/bin/../lib/gcc/arm-none-eabi/4.6.2/../../../../arm-none-eabi/lib/armv7-m\libc.a(lib_a-strcmp.o)
 .debug_frame   0x000021b8       0x64 c:/nxp/lpcxpresso_6.1.4_194/lpcxpresso/tools/bin/../lib/gcc/arm-none-eabi/4.6.2/../../../../arm-none-eabi/lib/armv7-m\libc.a(lib_a-svfiprintf.o)
 .debug_frame   0x0000221c       0x28 c:/nxp/lpcxpresso_6.1.4_194/lpcxpresso/tools/bin/../lib/gcc/arm-none-eabi/4.6.2/../../../../arm-none-eabi/lib/armv7-m\libc.a(lib_a-callocr.o)
 .debug_frame   0x00002244       0x50 c:/nxp/lpcxpresso_6.1.4_194/lpcxpresso/tools/bin/../lib/gcc/arm-none-eabi/4.6.2/../../../../arm-none-eabi/lib/armv7-m\libc.a(lib_a-freer.o)
 .debug_frame   0x00002294       0x2c c:/nxp/lpcxpresso_6.1.4_194/lpcxpresso/tools/bin/../lib/gcc/arm-none-eabi/4.6.2/../../../../arm-none-eabi/lib/armv7-m\libc.a(lib_a-memmove.o)
 .debug_frame   0x000022c0       0x38 c:/nxp/lpcxpresso_6.1.4_194/lpcxpresso/tools/bin/../lib/gcc/arm-none-eabi/4.6.2/../../../../arm-none-eabi/lib/armv7-m\libc.a(lib_a-reallocr.o)
 .debug_frame   0x000022f8       0x68 c:/nxp/lpcxpresso_6.1.4_194/lpcxpresso/tools/bin/../lib/gcc/arm-none-eabi/4.6.2/../../../../arm-none-eabi/lib/armv7-m\libc.a(lib_a-reent.o)
 .debug_frame   0x00002360       0x2c c:/nxp/lpcxpresso_6.1.4_194/lpcxpresso/tools/bin/../lib/gcc/arm-none-eabi/4.6.2/../../../../arm-none-eabi/lib/armv7-m\libm.a(lib_a-s_round.o)
 .debug_frame   0x0000238c       0x38 c:/nxp/lpcxpresso_6.1.4_194/lpcxpresso/tools/bin/../lib/gcc/arm-none-eabi/4.6.2/../../../../arm-none-eabi/lib/armv7-m\libm.a(lib_a-w_sqrt.o)
 .debug_frame   0x000023c4       0x34 c:/nxp/lpcxpresso_6.1.4_194/lpcxpresso/tools/bin/../lib/gcc/arm-none-eabi/4.6.2/../../../../arm-none-eabi/lib/armv7-m\libm.a(lib_a-e_sqrt.o)
 .debug_frame   0x000023f8       0x20 c:/nxp/lpcxpresso_6.1.4_194/lpcxpresso/tools/bin/../lib/gcc/arm-none-eabi/4.6.2/../../../../arm-none-eabi/lib/armv7-m\libm.a(lib_a-s_matherr.o)
 .debug_frame   0x00002418       0x2c c:/nxp/lpcxpresso_6.1.4_194/lpcxpresso/tools/bin/../lib/gcc/arm-none-eabi/4.6.2/../../../../arm-none-eabi/lib/armv7-m\libcr_newlib_semihost.a(_cr_sbrk.o)
 .debug_frame   0x00002444       0x20 c:/nxp/lpcxpresso_6.1.4_194/lpcxpresso/tools/bin/../lib/gcc/arm-none-eabi/4.6.2/../../../../arm-none-eabi/lib/armv7-m\libcr_newlib_semihost.a(_cr_check_heap.o)
 .debug_frame   0x00002464       0x20 c:/nxp/lpcxpresso_6.1.4_194/lpcxpresso/tools/bin/../lib/gcc/arm-none-eabi/4.6.2/../../../../arm-none-eabi/lib/armv7-m\libc.a(lib_a-errno.o)

.debug_pubnames
                0x00000000       0x68
 .debug_pubnames
                0x00000000       0x2e c:/nxp/lpcxpresso_6.1.4_194/lpcxpresso/tools/bin/../lib/gcc/arm-none-eabi/4.6.2/../../../../arm-none-eabi/lib/armv7-m\libcr_newlib_semihost.a(_cr_sbrk.o)
 .debug_pubnames
                0x0000002e       0x3a c:/nxp/lpcxpresso_6.1.4_194/lpcxpresso/tools/bin/../lib/gcc/arm-none-eabi/4.6.2/../../../../arm-none-eabi/lib/armv7-m\libcr_newlib_semihost.a(_cr_check_heap.o)

.debug_pubtypes
                0x00000000       0x1d
 .debug_pubtypes
                0x00000000       0x1d c:/nxp/lpcxpresso_6.1.4_194/lpcxpresso/tools/bin/../lib/gcc/arm-none-eabi/4.6.2/../../../../arm-none-eabi/lib/armv7-m\libcr_newlib_semihost.a(_cr_sbrk.o)
